GNU Tool Chain  

Linker command line:

--edf=C:\Program Files (x86)\CCompiler\Compiler\data\dat\en_msgs.txt -cs \
  -h+ft61fc3x_io.sym --cmf=ft61fc3x_io.cmf -z -QFT61FC3X \
  -oC:\Users\gcsja805\AppData\Local\Temp\sl0o.2 -Mft61fc3x_io.map -E1 \
  -ver=XC8 -ASTACK=0A0h-0efh -pstack=STACK -ACODE=00h-07FFh,0800h-0BFFh \
  -ASTRCODE=00h-0BFFh -ASTRING=00h-0FFhx12 -ACONST=00h-0FFhx12 \
  -AENTRY=00h-0FFhx12 -ACOMMON=070h-07Fh -ABANK0=020h-06Fh \
  -ABANK1=0A0h-0EFh -ABANK2=0120h-016Fh \
  -ARAM=020h-06Fh,0A0h-0EFh,0120h-016Fh \
  -AABS1=020h-07Fh,0A0h-0EFh,0120h-016Fh -ASFR0=00h-01Fh -ASFR1=080h-09Fh \
  -ASFR2=0100h-011Fh -ASFR3=0180h-01EFh \
  -preset_vec=00h,intentry=04h,init,end_init -ppowerup=CODE -pcinit=CODE \
  -pfunctab=ENTRY -ACONFIG=02007h-02007h -pconfig=CONFIG -DCONFIG=2 \
  -AIDLOC=02000h-02003h -pidloc=IDLOC -DIDLOC=2 -AEEDATA=00h-07Fh/02100h \
  -peeprom_data=EEDATA -DEEDATA=2 -DCODE=2 -DSTRCODE=2 -DSTRING=2 -DCONST=2 \
  -DENTRY=2 -k C:\Users\gcsja805\AppData\Local\Temp\sl0o.obj \
  ft61fc3x_io.obj 

Object code version is 3.11

Machine type is FT61FC3X



                Name                               Link     Load   Length Selector   Space Scale
C:\Users\gcsja805\AppData\Local\Temp\sl0o.obj
                end_init                              D        D        2        8       0
                reset_vec                             0        0        2        0       0
ft61fc3x_io.obj cinit                                 F        F       30        8       0
                functab                              3F       3F        E       7E       0
                intentry                              4        4        9        8       0
                text26                              176      176       79       9A       0
                text6                               283      283        1       9A       0
                text5                                4D       4D      129       9A       0
                text4                               1EF      1EF       51       9A       0
                text3                               282      282        1       9A       0
                text1                               240      240       33       9A       0
                maintext                            27B      27B        7       9A       0
                cstackBANK0                          51       51        8       20       1
                cstackCOMMON                         70       70        9       70       1
                clrtext                             273      273        8       9A       0
                dataBANK0                            39       39       18       20       1
                bssBANK0                             20       20       19       20       1
                bssCOMMON                            79       79        1       70       1

TOTAL           Name                               Link     Load   Length     Space
        CLASS   STACK          

        CLASS   CODE           
                end_init                              D        D        2         0
                cinit                                 F        F       30         0
                intentry                              4        4        9         0
                reset_vec                             0        0        2         0
                text26                              176      176       79         0
                text6                               283      283        1         0
                text5                                4D       4D      129         0
                text4                               1EF      1EF       51         0
                text3                               282      282        1         0
                text1                               240      240       33         0
                maintext                            27B      27B        7         0
                clrtext                             273      273        8         0

        CLASS   STRCODE        

        CLASS   STRING         

        CLASS   CONST          

        CLASS   ENTRY          
                functab                              3F       3F        E         0

        CLASS   COMMON         
                cstackCOMMON                         70       70        9         1
                bssCOMMON                            79       79        1         1

        CLASS   BANK0          
                cstackBANK0                          51       51        8         1
                dataBANK0                            39       39       18         1
                bssBANK0                             20       20       19         1

        CLASS   BANK1          

        CLASS   BANK2          

        CLASS   RAM            

        CLASS   ABS1           
                abs_s1                               7E       7E        2         1

        CLASS   SFR0           

        CLASS   SFR1           

        CLASS   SFR2           

        CLASS   SFR3           

        CLASS   CONFIG         

        CLASS   IDLOC          

        CLASS   EEDATA         

        CLASS   BANK3          



SEGMENTS        Name                           Load    Length   Top    Selector   Space  Class     Delta

                reset_vec                      000000  000002  000002         0       0  CODE        2
                intentry                       000004  00003B  00003F         8       0  CODE        2
                bssBANK0                       000020  000039  000059        20       1  BANK0       1
                cstackCOMMON                   000070  00000A  00007A        70       1  COMMON      1
                functab                        00003F  00000E  00004D        7E       0  ENTRY       2
                text5                          00004D  000237  000284        9A       0  CODE        2


UNUSED ADDRESS RANGES

        Name                Unused          Largest block    Delta
        BANK0            059-06F            17           1
        BANK1            0A0-0EF            50           1
        BANK2            120-16F            50           1
        CODE             002-003             2           2
                         284-BFF           57C
        COMMON           07A-07D             4           1
        CONFIG           2007-2007             1           2
        CONST            002-003             2           2
                         284-BFF           100
        EEDATA           2100-217F            80           2
        ENTRY            002-003             2           2
                         284-BFF           100
        IDLOC            2000-2003             4           2
        RAM              059-06F            17           1
                         0A0-0EF            50
                         120-16F            50
        SFR0             000-01F            20           1
        SFR1             080-09F            20           1
        SFR2             100-11F            20           1
        SFR3             180-1EF            70           1
        STACK            0A0-0EF            50           1
        STRCODE          002-003             2           2
                         284-BFF           97C
        STRING           002-003             2           2
                         284-BFF           100

                                  Symbol Table

?_GET_ADC_DATA                         cstackBANK0  053
DelayMs@Time                           cstackBANK0  053
DelayMs@a                              cstackBANK0  054
DelayMs@b                              cstackBANK0  055
DelayUs@Time                           cstackBANK0  051
DelayUs@a                              cstackBANK0  052
GET_ADC_DATA@ADCON0Buff                cstackBANK0  057
GET_ADC_DATA@adcChannel                cstackBANK0  056
Get_Cbattery_Stand_State@adc_value     cstackBANK0  051
Get_Cbattery_Stand_State@current_state bssBANK0     035
ISR@i                                  cstackCOMMON 078
Key_Detect@long_cnt                    bssBANK0     031
Key_Detect@long_trig                   bssBANK0     036
Key_Detect@press_cnt                   bssBANK0     037
PL2                                    text5        172
READY_Task@counter                     bssBANK0     033
READY_Task@state                       bssBANK0     038
Ready_Control@num                      cstackBANK0  051
Task_Process@i                         cstackBANK0  058
_ADCON0                                (abs)        113
_ADRESH                                (abs)        112
_ADRESL                                (abs)        111
_BUZZHH_Control                        text4        1F1
_BUZZTT_Init                           text5        14D
_BUZZTT_Task                           text4        1F0
_DelayMs                               text5        05D
_DelayUs                               text5        141
_GET_ADC_DATA                          text5        11B
_GIE                                   (abs)        05F
_Get_Cbattery_Stand_State              text5        154
_Hummer_Init                           text4        1FF
_Hummer_Task                           text4        1FB
_INTCON                                (abs)        00B
_ISR                                   text26       176
_Initial                               text5        04E
_KEY_Init                              text4        207
_KEY_Press                             bssCOMMON    079
_Key_Detect                            text4        20C
_Key_Task                              text4        204
_OPTION                                (abs)        081
_OSCCON                                (abs)        08F
_PB3                                   (abs)        033
_PC0                                   (abs)        038
_PC1                                   (abs)        039
_PORTA                                 (abs)        005
_PORTB                                 (abs)        006
_PORTC                                 (abs)        007
_POWER_INITIAL                         text5        06E
_READY_Task                            text5        0B2
_Ready_Control                         text5        107
_Ready_Init                            text5        092
_SYS                                   bssBANK0     020
_SYS_Initial                           text5        09E
_T0IE                                  (abs)        05D
_T0IF                                  (abs)        05A
_TMR0                                  (abs)        001
_TRISA                                 (abs)        085
_TRISB                                 (abs)        086
_TRISC                                 (abs)        087
_TaskCompany                           dataBANK0    039
_Task_0                                text5        04D
_Task_1                                text4        1EF
_Task_2                                text3        282
_Task_3                                text6        283
_Task_Process                          text1        240
_Timer0_Init                           text5        0AA
_WPDA                                  (abs)        089
_WPDB                                  (abs)        10E
_WPDC                                  (abs)        08D
_WPUA                                  (abs)        095
_WPUB                                  (abs)        10D
_WPUC                                  (abs)        093
__Habs1                                abs1         000
__Hbank0                               bank0        000
__Hbank1                               bank1        000
__Hbank2                               bank2        000
__Hbank3                               bank3        000
__HbssBANK0                            bssBANK0     000
__HbssCOMMON                           bssCOMMON    000
__Hcinit                               cinit        03F
__Hclrtext                             clrtext      000
__Hcode                                code         000
__Hcommon                              common       000
__Hconfig                              config       000
__HcstackBANK0                         cstackBANK0  000
__HcstackCOMMON                        cstackCOMMON 000
__HdataBANK0                           dataBANK0    000
__Heeprom_data                         eeprom_data  000
__Hend_init                            end_init     00F
__Hfunctab                             functab      04D
__HidataBANK0                          idataBANK0   000
__Hidloc                               idloc        000
__Hinit                                init         00D
__Hintentry                            intentry     00D
__Hmaintext                            maintext     000
__Hpa_nodes0                           pa_nodes0    000
__Hpowerup                             powerup      000
__Hram                                 ram          000
__Hreset_vec                           reset_vec    002
__Hsfr0                                sfr0         000
__Hsfr1                                sfr1         000
__Hsfr2                                sfr2         000
__Hsfr3                                sfr3         000
__Hspace_0                             (abs)        284
__Hspace_1                             (abs)        07A
__Hspace_2                             (abs)        000
__Hspace_3                             (abs)        000
__Hstack                               stack        000
__Hstrings                             strings      000
__Htext                                text         000
__Labs1                                abs1         000
__Lbank0                               bank0        000
__Lbank1                               bank1        000
__Lbank2                               bank2        000
__Lbank3                               bank3        000
__LbssBANK0                            bssBANK0     000
__LbssCOMMON                           bssCOMMON    000
__Lcinit                               cinit        00F
__Lclrtext                             clrtext      000
__Lcode                                code         000
__Lcommon                              common       000
__Lconfig                              config       000
__LcstackBANK0                         cstackBANK0  000
__LcstackCOMMON                        cstackCOMMON 000
__LdataBANK0                           dataBANK0    000
__Leeprom_data                         eeprom_data  000
__Lend_init                            end_init     00D
__Lfunctab                             functab      03F
__LidataBANK0                          idataBANK0   000
__Lidloc                               idloc        000
__Linit                                init         00D
__Lintentry                            intentry     004
__Lmaintext                            maintext     000
__Lpa_nodes0                           pa_nodes0    000
__Lpowerup                             powerup      000
__Lram                                 ram          000
__Lreset_vec                           reset_vec    000
__Lsfr0                                sfr0         000
__Lsfr1                                sfr1         000
__Lsfr2                                sfr2         000
__Lsfr3                                sfr3         000
__Lspace_0                             (abs)        000
__Lspace_1                             (abs)        000
__Lspace_2                             (abs)        000
__Lspace_3                             (abs)        000
__Lstack                               stack        000
__Lstrings                             strings      000
__Ltext                                text         000
__S0                                   (abs)        284
__S1                                   (abs)        07A
__S2                                   (abs)        000
__S3                                   (abs)        000
___bmul                                text1        265
___bmul@multiplicand                   cstackBANK0  051
___bmul@multiplier                     cstackBANK0  053
___bmul@product                        cstackBANK0  052
___int_sp                              stack        000
___latbits                             (abs)        001
___sp                                  stack        000
__end_ofPL2                            text5        176
__end_of_BUZZHH_Control                text4        1FB
__end_of_BUZZTT_Init                   text5        154
__end_of_BUZZTT_Task                   text4        1F1
__end_of_DelayMs                       text5        06E
__end_of_DelayUs                       text5        14D
__end_of_GET_ADC_DATA                  text5        141
__end_of_Get_Cbattery_Stand_State      text5        172
__end_of_Hummer_Init                   text4        204
__end_of_Hummer_Task                   text4        1FF
__end_of_ISR                           text26       1E1
__end_of_Initial                       text5        05D
__end_of_KEY_Init                      text4        20C
__end_of_Key_Detect                    text4        240
__end_of_Key_Task                      text4        207
__end_of_POWER_INITIAL                 text5        092
__end_of_READY_Task                    text5        107
__end_of_Ready_Control                 text5        11B
__end_of_Ready_Init                    text5        09E
__end_of_SYS_Initial                   text5        0AA
__end_of_Task_0                        text5        04E
__end_of_Task_1                        text4        1F0
__end_of_Task_2                        text3        283
__end_of_Task_3                        text6        284
__end_of_Task_Process                  text1        265
__end_of_Timer0_Init                   text5        0B2
__end_of___bmul                        text1        273
__end_of__fptable                      functab      04D
__end_of__initialization               cinit        03C
__end_of_main                          maintext     282
__end_ofi1___bmul                      text26       1EF
__fptable                              functab      03F
__initialization                       cinit        00F
__pbssBANK0                            bssBANK0     020
__pbssCOMMON                           bssCOMMON    079
__pcstackBANK0                         cstackBANK0  051
__pcstackCOMMON                        cstackCOMMON 070
__pdataBANK0                           dataBANK0    039
__pfunctab                             functab      03F
__pidataBANK0                          idataBANK0   000
__pintentry                            intentry     004
__pmaintext                            maintext     27B
__ptext1                               text1        240
__ptext10                              text4        20C
__ptext11                              text4        207
__ptext12                              text4        1FB
__ptext13                              text4        1FF
__ptext14                              text5        0B2
__ptext15                              text5        107
__ptext16                              text5        154
__ptext17                              text5        11B
__ptext18                              text5        04E
__ptext19                              text5        0AA
__ptext2                               text1        265
__ptext20                              text5        09E
__ptext21                              text5        092
__ptext22                              text5        06E
__ptext23                              text5        05D
__ptext24                              text5        141
__ptext25                              text5        14D
__ptext26                              text26       176
__ptext27                              text26       1E1
__ptext3                               text3        282
__ptext4                               text4        1EF
__ptext5                               text5        04D
__ptext6                               text6        283
__ptext7                               text4        1F0
__ptext8                               text4        1F1
__ptext9                               text4        204
__size_of_BUZZHH_Control               (abs)        000
__size_of_BUZZTT_Init                  (abs)        000
__size_of_BUZZTT_Task                  (abs)        000
__size_of_DelayMs                      (abs)        000
__size_of_DelayUs                      (abs)        000
__size_of_GET_ADC_DATA                 (abs)        000
__size_of_Get_Cbattery_Stand_State     (abs)        000
__size_of_Hummer_Init                  (abs)        000
__size_of_Hummer_Task                  (abs)        000
__size_of_ISR                          (abs)        000
__size_of_Initial                      (abs)        000
__size_of_KEY_Init                     (abs)        000
__size_of_Key_Detect                   (abs)        000
__size_of_Key_Task                     (abs)        000
__size_of_POWER_INITIAL                (abs)        000
__size_of_READY_Task                   (abs)        000
__size_of_Ready_Control                (abs)        000
__size_of_Ready_Init                   (abs)        000
__size_of_SYS_Initial                  (abs)        000
__size_of_Task_0                       (abs)        000
__size_of_Task_1                       (abs)        000
__size_of_Task_2                       (abs)        000
__size_of_Task_3                       (abs)        000
__size_of_Task_Process                 (abs)        000
__size_of_Timer0_Init                  (abs)        000
__size_of___bmul                       (abs)        000
__size_of__fptable                     (abs)        000
__size_of_main                         (abs)        000
__size_ofi1___bmul                     (abs)        000
_main                                  maintext     27B
btemp                                  (abs)        07E
clear_ram0                             clrtext      273
end_of_initialization                  cinit        03C
fpbase                                 functab      044
fptable                                functab      03F
fptotal                                (abs)        008
i1___bmul                              text26       1E1
i1___bmul@multiplicand                 cstackCOMMON 070
i1___bmul@multiplier                   cstackCOMMON 071
i1___bmul@product                      cstackCOMMON 072
interrupt_function                     intentry     004
intlevel0                              functab      03F
intlevel1                              functab      03F
intlevel2                              functab      03F
intlevel3                              functab      03F
intlevel4                              functab      03F
intlevel5                              functab      03F
reset_vec                              reset_vec    000
saved_w                                (abs)        07E
stackhi                                (abs)        000
stacklo                                (abs)        000
start                                  init         00D
start_initialization                   cinit        00F
wtemp0                                 (abs)        07E


FUNCTION INFORMATION:

 *************** function _main *****************
 Defined at:
		line 54 in file "Main.c"
 Parameters:    Size  Location     Type
		None
 Auto vars:     Size  Location     Type
		None
 Return value:  Size  Location     Type
                  1    wreg      void 
 Registers used:
		wreg, fsr0l, fsr0h, status,2, status,0, pclath, cstack
 Tracked objects:
		On entry : 
		On exit  : 
		Unchanged: 
 Data sizes:     COMMON   BANK0   BANK1   BANK2
      Params:         0       0       0       0
      Locals:         0       0       0       0
      Temps:          0       0       0       0
      Totals:         0       0       0       0
Total ram usage:        0 bytes
 Hardware stack levels required when called:    8
 This function calls:
		_Initial
		_Task_Process
 This function is called by:
		Startup code after reset
 This function uses a non-reentrant model


 *************** function _Task_Process *****************
 Defined at:
		line 75 in file "Task.c"
 Parameters:    Size  Location     Type
		None
 Auto vars:     Size  Location     Type
  i               1    7[BANK0 ] unsigned char 
 Return value:  Size  Location     Type
                  1    wreg      void 
 Registers used:
		wreg, fsr0l, fsr0h, status,2, status,0, pclath, cstack
 Tracked objects:
		On entry : 
		On exit  : 
		Unchanged: 
 Data sizes:     COMMON   BANK0   BANK1   BANK2
      Params:         0       0       0       0
      Locals:         0       1       0       0
      Temps:          0       0       0       0
      Totals:         0       1       0       0
Total ram usage:        1 bytes
 Hardware stack levels used:    1
 Hardware stack levels required when called:    7
 This function calls:
		_Task_0
		_Task_1
		_Task_2
		_Task_3
		___bmul
 This function is called by:
		_main
 This function uses a non-reentrant model


 *************** function ___bmul *****************
 Defined at:
		line 4 in file "C:\Program Files (x86)\CCompiler\Compiler\data\sources\common\Umul8.c"
 Parameters:    Size  Location     Type
  multiplier      1    wreg     unsigned char 
  multiplicand    1    0[BANK0 ] unsigned char 
 Auto vars:     Size  Location     Type
  multiplier      1    2[BANK0 ] unsigned char 
  product         1    1[BANK0 ] unsigned char 
 Return value:  Size  Location     Type
                  1    wreg      unsigned char 
 Registers used:
		wreg, status,2, status,0
 Tracked objects:
		On entry : 
		On exit  : 
		Unchanged: 
 Data sizes:     COMMON   BANK0   BANK1   BANK2
      Params:         0       1       0       0
      Locals:         0       2       0       0
      Temps:          0       0       0       0
      Totals:         0       3       0       0
Total ram usage:        3 bytes
 Hardware stack levels used:    1
 Hardware stack levels required when called:    2
 This function calls:
		Nothing
 This function is called by:
		_ISR
		_Task_Process
 This function uses a non-reentrant model


 *************** function _Task_2 *****************
 Defined at:
		line 52 in file "Task.c"
 Parameters:    Size  Location     Type
		None
 Auto vars:     Size  Location     Type
		None
 Return value:  Size  Location     Type
                  1    wreg      void 
 Registers used:
		None
 Tracked objects:
		On entry : 
		On exit  : 
		Unchanged: 
 Data sizes:     COMMON   BANK0   BANK1   BANK2
      Params:         0       0       0       0
      Locals:         0       0       0       0
      Temps:          0       0       0       0
      Totals:         0       0       0       0
Total ram usage:        0 bytes
 Hardware stack levels used:    1
 Hardware stack levels required when called:    2
 This function calls:
		Nothing
 This function is called by:
		_Task_Process
 This function uses a non-reentrant model


 *************** function _Task_1 *****************
 Defined at:
		line 38 in file "Task.c"
 Parameters:    Size  Location     Type
		None
 Auto vars:     Size  Location     Type
		None
 Return value:  Size  Location     Type
                  1    wreg      void 
 Registers used:
		wreg, status,2, status,0, pclath, cstack
 Tracked objects:
		On entry : 
		On exit  : 
		Unchanged: 
 Data sizes:     COMMON   BANK0   BANK1   BANK2
      Params:         0       0       0       0
      Locals:         0       0       0       0
      Temps:          0       0       0       0
      Totals:         0       0       0       0
Total ram usage:        0 bytes
 Hardware stack levels used:    1
 Hardware stack levels required when called:    6
 This function calls:
		_BUZZTT_Task
 This function is called by:
		_Task_Process
 This function uses a non-reentrant model


 *************** function _Task_0 *****************
 Defined at:
		line 18 in file "Task.c"
 Parameters:    Size  Location     Type
		None
 Auto vars:     Size  Location     Type
		None
 Return value:  Size  Location     Type
                  1    wreg      void 
 Registers used:
		wreg, fsr0l, fsr0h, status,2, status,0, pclath, cstack
 Tracked objects:
		On entry : 
		On exit  : 
		Unchanged: 
 Data sizes:     COMMON   BANK0   BANK1   BANK2
      Params:         0       0       0       0
      Locals:         0       0       0       0
      Temps:          0       0       0       0
      Totals:         0       0       0       0
Total ram usage:        0 bytes
 Hardware stack levels used:    1
 Hardware stack levels required when called:    5
 This function calls:
		_READY_Task
 This function is called by:
		_Task_Process
 This function uses a non-reentrant model


 *************** function _Task_3 *****************
 Defined at:
		line 62 in file "Task.c"
 Parameters:    Size  Location     Type
		None
 Auto vars:     Size  Location     Type
		None
 Return value:  Size  Location     Type
                  1    wreg      void 
 Registers used:
		None
 Tracked objects:
		On entry : 
		On exit  : 
		Unchanged: 
 Data sizes:     COMMON   BANK0   BANK1   BANK2
      Params:         0       0       0       0
      Locals:         0       0       0       0
      Temps:          0       0       0       0
      Totals:         0       0       0       0
Total ram usage:        0 bytes
 Hardware stack levels used:    1
 Hardware stack levels required when called:    2
 This function calls:
		Nothing
 This function is called by:
		_Task_Process
 This function uses a non-reentrant model


 *************** function _BUZZTT_Task *****************
 Defined at:
		line 155 in file "BUZZTT.c"
 Parameters:    Size  Location     Type
		None
 Auto vars:     Size  Location     Type
		None
 Return value:  Size  Location     Type
                  1    wreg      void 
 Registers used:
		wreg, status,2, status,0, pclath, cstack
 Tracked objects:
		On entry : 
		On exit  : 
		Unchanged: 
 Data sizes:     COMMON   BANK0   BANK1   BANK2
      Params:         0       0       0       0
      Locals:         0       0       0       0
      Temps:          0       0       0       0
      Totals:         0       0       0       0
Total ram usage:        0 bytes
 Hardware stack levels used:    1
 Hardware stack levels required when called:    5
 This function calls:
		_BUZZHH_Control
 This function is called by:
		_Task_1
 This function uses a non-reentrant model


 *************** function _BUZZHH_Control *****************
 Defined at:
		line 60 in file "BUZZTT.c"
 Parameters:    Size  Location     Type
		None
 Auto vars:     Size  Location     Type
		None
 Return value:  Size  Location     Type
                  1    wreg      void 
 Registers used:
		wreg, status,2, status,0, pclath, cstack
 Tracked objects:
		On entry : 
		On exit  : 
		Unchanged: 
 Data sizes:     COMMON   BANK0   BANK1   BANK2
      Params:         0       0       0       0
      Locals:         0       0       0       0
      Temps:          0       0       0       0
      Totals:         0       0       0       0
Total ram usage:        0 bytes
 Hardware stack levels used:    1
 Hardware stack levels required when called:    4
 This function calls:
		_Hummer_Task
		_Key_Task
 This function is called by:
		_BUZZTT_Task
 This function uses a non-reentrant model


 *************** function _Key_Task *****************
 Defined at:
		line 131 in file "BUZZTT.c"
 Parameters:    Size  Location     Type
		None
 Auto vars:     Size  Location     Type
		None
 Return value:  Size  Location     Type
                  1    wreg      void 
 Registers used:
		wreg, status,2, status,0, pclath, cstack
 Tracked objects:
		On entry : 
		On exit  : 
		Unchanged: 
 Data sizes:     COMMON   BANK0   BANK1   BANK2
      Params:         0       0       0       0
      Locals:         0       0       0       0
      Temps:          0       0       0       0
      Totals:         0       0       0       0
Total ram usage:        0 bytes
 Hardware stack levels used:    1
 Hardware stack levels required when called:    3
 This function calls:
		_KEY_Init
		_Key_Detect
 This function is called by:
		_BUZZHH_Control
 This function uses a non-reentrant model


 *************** function _Key_Detect *****************
 Defined at:
		line 79 in file "BUZZTT.c"
 Parameters:    Size  Location     Type
		None
 Auto vars:     Size  Location     Type
		None
 Return value:  Size  Location     Type
                  1    wreg      void 
 Registers used:
		wreg, status,2, status,0
 Tracked objects:
		On entry : 
		On exit  : 
		Unchanged: 
 Data sizes:     COMMON   BANK0   BANK1   BANK2
      Params:         0       0       0       0
      Locals:         0       0       0       0
      Temps:          0       0       0       0
      Totals:         0       0       0       0
Total ram usage:        0 bytes
 Hardware stack levels used:    1
 Hardware stack levels required when called:    2
 This function calls:
		Nothing
 This function is called by:
		_Key_Task
 This function uses a non-reentrant model


 *************** function _KEY_Init *****************
 Defined at:
		line 34 in file "BUZZTT.c"
 Parameters:    Size  Location     Type
		None
 Auto vars:     Size  Location     Type
		None
 Return value:  Size  Location     Type
                  1    wreg      void 
 Registers used:
		status,2
 Tracked objects:
		On entry : 
		On exit  : 
		Unchanged: 
 Data sizes:     COMMON   BANK0   BANK1   BANK2
      Params:         0       0       0       0
      Locals:         0       0       0       0
      Temps:          0       0       0       0
      Totals:         0       0       0       0
Total ram usage:        0 bytes
 Hardware stack levels used:    1
 Hardware stack levels required when called:    2
 This function calls:
		Nothing
 This function is called by:
		_Key_Task
 This function uses a non-reentrant model


 *************** function _Hummer_Task *****************
 Defined at:
		line 143 in file "BUZZTT.c"
 Parameters:    Size  Location     Type
		None
 Auto vars:     Size  Location     Type
		None
 Return value:  Size  Location     Type
                  1    wreg      void 
 Registers used:
		status,2, status,0, pclath, cstack
 Tracked objects:
		On entry : 
		On exit  : 
		Unchanged: 
 Data sizes:     COMMON   BANK0   BANK1   BANK2
      Params:         0       0       0       0
      Locals:         0       0       0       0
      Temps:          0       0       0       0
      Totals:         0       0       0       0
Total ram usage:        0 bytes
 Hardware stack levels used:    1
 Hardware stack levels required when called:    3
 This function calls:
		_Hummer_Init
 This function is called by:
		_BUZZHH_Control
 This function uses a non-reentrant model


 *************** function _Hummer_Init *****************
 Defined at:
		line 47 in file "BUZZTT.c"
 Parameters:    Size  Location     Type
		None
 Auto vars:     Size  Location     Type
		None
 Return value:  Size  Location     Type
                  1    wreg      void 
 Registers used:
		status,2
 Tracked objects:
		On entry : 
		On exit  : 
		Unchanged: 
 Data sizes:     COMMON   BANK0   BANK1   BANK2
      Params:         0       0       0       0
      Locals:         0       0       0       0
      Temps:          0       0       0       0
      Totals:         0       0       0       0
Total ram usage:        0 bytes
 Hardware stack levels used:    1
 Hardware stack levels required when called:    2
 This function calls:
		Nothing
 This function is called by:
		_Hummer_Task
 This function uses a non-reentrant model


 *************** function _READY_Task *****************
 Defined at:
		line 53 in file "READY.c"
 Parameters:    Size  Location     Type
		None
 Auto vars:     Size  Location     Type
		None
 Return value:  Size  Location     Type
                  1    wreg      void 
 Registers used:
		wreg, fsr0l, fsr0h, status,2, status,0, pclath, cstack
 Tracked objects:
		On entry : 
		On exit  : 
		Unchanged: 
 Data sizes:     COMMON   BANK0   BANK1   BANK2
      Params:         0       0       0       0
      Locals:         0       0       0       0
      Temps:          0       0       0       0
      Totals:         0       0       0       0
Total ram usage:        0 bytes
 Hardware stack levels used:    1
 Hardware stack levels required when called:    4
 This function calls:
		_GET_ADC_DATA
		_Get_Cbattery_Stand_State
		_Ready_Control
 This function is called by:
		_Task_0
 This function uses a non-reentrant model


 *************** function _Ready_Control *****************
 Defined at:
		line 38 in file "READY.c"
 Parameters:    Size  Location     Type
  num             1    wreg     unsigned char 
 Auto vars:     Size  Location     Type
  num             1    0[BANK0 ] unsigned char 
 Return value:  Size  Location     Type
                  1    wreg      void 
 Registers used:
		wreg, status,2, status,0
 Tracked objects:
		On entry : 
		On exit  : 
		Unchanged: 
 Data sizes:     COMMON   BANK0   BANK1   BANK2
      Params:         0       0       0       0
      Locals:         0       1       0       0
      Temps:          0       0       0       0
      Totals:         0       1       0       0
Total ram usage:        1 bytes
 Hardware stack levels used:    1
 Hardware stack levels required when called:    2
 This function calls:
		Nothing
 This function is called by:
		_READY_Task
 This function uses a non-reentrant model


 *************** function _Get_Cbattery_Stand_State *****************
 Defined at:
		line 189 in file "ADC.c"
 Parameters:    Size  Location     Type
  adc_value       2    0[BANK0 ] unsigned int 
 Auto vars:     Size  Location     Type
		None
 Return value:  Size  Location     Type
                  1    wreg      enum E1875
 Registers used:
		wreg, fsr0l, fsr0h, status,2, status,0
 Tracked objects:
		On entry : 
		On exit  : 
		Unchanged: 
 Data sizes:     COMMON   BANK0   BANK1   BANK2
      Params:         0       2       0       0
      Locals:         0       0       0       0
      Temps:          0       0       0       0
      Totals:         0       2       0       0
Total ram usage:        2 bytes
 Hardware stack levels used:    1
 Hardware stack levels required when called:    2
 This function calls:
		Nothing
 This function is called by:
		_READY_Task
 This function uses a non-reentrant model


 *************** function _GET_ADC_DATA *****************
 Defined at:
		line 85 in file "ADC.c"
 Parameters:    Size  Location     Type
  adcChannel      1    wreg     unsigned char 
 Auto vars:     Size  Location     Type
  adcChannel      1    5[BANK0 ] unsigned char 
  ADCON0Buff      1    6[BANK0 ] unsigned char 
 Return value:  Size  Location     Type
                  2    2[BANK0 ] unsigned int 
 Registers used:
		wreg, status,2, status,0, pclath, cstack
 Tracked objects:
		On entry : 
		On exit  : 
		Unchanged: 
 Data sizes:     COMMON   BANK0   BANK1   BANK2
      Params:         0       3       0       0
      Locals:         0       2       0       0
      Temps:          0       0       0       0
      Totals:         0       5       0       0
Total ram usage:        5 bytes
 Hardware stack levels used:    1
 Hardware stack levels required when called:    3
 This function calls:
		_DelayUs
 This function is called by:
		_READY_Task
 This function uses a non-reentrant model


 *************** function _Initial *****************
 Defined at:
		line 11 in file "App.c"
 Parameters:    Size  Location     Type
		None
 Auto vars:     Size  Location     Type
		None
 Return value:  Size  Location     Type
                  1    wreg      void 
 Registers used:
		wreg, status,2, status,0, pclath, cstack
 Tracked objects:
		On entry : 
		On exit  : 
		Unchanged: 
 Data sizes:     COMMON   BANK0   BANK1   BANK2
      Params:         0       0       0       0
      Locals:         0       0       0       0
      Temps:          0       0       0       0
      Totals:         0       0       0       0
Total ram usage:        0 bytes
 Hardware stack levels used:    1
 Hardware stack levels required when called:    4
 This function calls:
		_BUZZTT_Init
		_DelayMs
		_POWER_INITIAL
		_Ready_Init
		_SYS_Initial
		_Timer0_Init
 This function is called by:
		_main
 This function uses a non-reentrant model


 *************** function _Timer0_Init *****************
 Defined at:
		line 9 in file "Timer.c"
 Parameters:    Size  Location     Type
		None
 Auto vars:     Size  Location     Type
		None
 Return value:  Size  Location     Type
                  1    wreg      void 
 Registers used:
		wreg
 Tracked objects:
		On entry : 
		On exit  : 
		Unchanged: 
 Data sizes:     COMMON   BANK0   BANK1   BANK2
      Params:         0       0       0       0
      Locals:         0       0       0       0
      Temps:          0       0       0       0
      Totals:         0       0       0       0
Total ram usage:        0 bytes
 Hardware stack levels used:    1
 Hardware stack levels required when called:    2
 This function calls:
		Nothing
 This function is called by:
		_Initial
 This function uses a non-reentrant model


 *************** function _SYS_Initial *****************
 Defined at:
		line 42 in file "Power.c"
 Parameters:    Size  Location     Type
		None
 Auto vars:     Size  Location     Type
		None
 Return value:  Size  Location     Type
                  1    wreg      void 
 Registers used:
		status,2
 Tracked objects:
		On entry : 
		On exit  : 
		Unchanged: 
 Data sizes:     COMMON   BANK0   BANK1   BANK2
      Params:         0       0       0       0
      Locals:         0       0       0       0
      Temps:          0       0       0       0
      Totals:         0       0       0       0
Total ram usage:        0 bytes
 Hardware stack levels used:    1
 Hardware stack levels required when called:    2
 This function calls:
		Nothing
 This function is called by:
		_Initial
 This function uses a non-reentrant model


 *************** function _Ready_Init *****************
 Defined at:
		line 17 in file "READY.c"
 Parameters:    Size  Location     Type
		None
 Auto vars:     Size  Location     Type
		None
 Return value:  Size  Location     Type
                  1    wreg      void 
 Registers used:
		status,2
 Tracked objects:
		On entry : 
		On exit  : 
		Unchanged: 
 Data sizes:     COMMON   BANK0   BANK1   BANK2
      Params:         0       0       0       0
      Locals:         0       0       0       0
      Temps:          0       0       0       0
      Totals:         0       0       0       0
Total ram usage:        0 bytes
 Hardware stack levels used:    1
 Hardware stack levels required when called:    2
 This function calls:
		Nothing
 This function is called by:
		_Initial
 This function uses a non-reentrant model


 *************** function _POWER_INITIAL *****************
 Defined at:
		line 9 in file "Power.c"
 Parameters:    Size  Location     Type
		None
 Auto vars:     Size  Location     Type
		None
 Return value:  Size  Location     Type
                  1    wreg      void 
 Registers used:
		wreg, status,2
 Tracked objects:
		On entry : 
		On exit  : 
		Unchanged: 
 Data sizes:     COMMON   BANK0   BANK1   BANK2
      Params:         0       0       0       0
      Locals:         0       0       0       0
      Temps:          0       0       0       0
      Totals:         0       0       0       0
Total ram usage:        0 bytes
 Hardware stack levels used:    1
 Hardware stack levels required when called:    2
 This function calls:
		Nothing
 This function is called by:
		_Initial
 This function uses a non-reentrant model


 *************** function _DelayMs *****************
 Defined at:
		line 22 in file "Delay.c"
 Parameters:    Size  Location     Type
  Time            1    wreg     unsigned char 
 Auto vars:     Size  Location     Type
  Time            1    2[BANK0 ] unsigned char 
  b               1    4[BANK0 ] unsigned char 
  a               1    3[BANK0 ] unsigned char 
 Return value:  Size  Location     Type
                  1    wreg      void 
 Registers used:
		wreg, status,2, status,0, pclath, cstack
 Tracked objects:
		On entry : 
		On exit  : 
		Unchanged: 
 Data sizes:     COMMON   BANK0   BANK1   BANK2
      Params:         0       0       0       0
      Locals:         0       3       0       0
      Temps:          0       0       0       0
      Totals:         0       3       0       0
Total ram usage:        3 bytes
 Hardware stack levels used:    1
 Hardware stack levels required when called:    3
 This function calls:
		_DelayUs
 This function is called by:
		_Initial
 This function uses a non-reentrant model


 *************** function _DelayUs *****************
 Defined at:
		line 8 in file "Delay.c"
 Parameters:    Size  Location     Type
  Time            1    wreg     unsigned char 
 Auto vars:     Size  Location     Type
  Time            1    0[BANK0 ] unsigned char 
  a               1    1[BANK0 ] unsigned char 
 Return value:  Size  Location     Type
                  1    wreg      void 
 Registers used:
		wreg, status,2, status,0
 Tracked objects:
		On entry : 
		On exit  : 
		Unchanged: 
 Data sizes:     COMMON   BANK0   BANK1   BANK2
      Params:         0       0       0       0
      Locals:         0       2       0       0
      Temps:          0       0       0       0
      Totals:         0       2       0       0
Total ram usage:        2 bytes
 Hardware stack levels used:    1
 Hardware stack levels required when called:    2
 This function calls:
		Nothing
 This function is called by:
		_GET_ADC_DATA
		_DelayMs
 This function uses a non-reentrant model


 *************** function _BUZZTT_Init *****************
 Defined at:
		line 21 in file "BUZZTT.c"
 Parameters:    Size  Location     Type
		None
 Auto vars:     Size  Location     Type
		None
 Return value:  Size  Location     Type
                  1    wreg      void 
 Registers used:
		status,2
 Tracked objects:
		On entry : 
		On exit  : 
		Unchanged: 
 Data sizes:     COMMON   BANK0   BANK1   BANK2
      Params:         0       0       0       0
      Locals:         0       0       0       0
      Temps:          0       0       0       0
      Totals:         0       0       0       0
Total ram usage:        0 bytes
 Hardware stack levels used:    1
 Hardware stack levels required when called:    2
 This function calls:
		Nothing
 This function is called by:
		_Initial
 This function uses a non-reentrant model


 *************** function _ISR *****************
 Defined at:
		line 24 in file "Main.c"
 Parameters:    Size  Location     Type
		None
 Auto vars:     Size  Location     Type
  i               1    8[COMMON] unsigned char 
 Return value:  Size  Location     Type
                  1    wreg      void 
 Registers used:
		wreg, fsr0l, fsr0h, status,2, status,0, pclath, cstack
 Tracked objects:
		On entry : 
		On exit  : 
		Unchanged: 
 Data sizes:     COMMON   BANK0   BANK1   BANK2
      Params:         0       0       0       0
      Locals:         1       0       0       0
      Temps:          5       0       0       0
      Totals:         6       0       0       0
Total ram usage:        6 bytes
 Hardware stack levels used:    1
 Hardware stack levels required when called:    1
 This function calls:
		i1___bmul
 This function is called by:
		Interrupt level 1
 This function uses a non-reentrant model


 *************** function i1___bmul *****************
 Defined at:
		line 4 in file "C:\Program Files (x86)\CCompiler\Compiler\data\sources\common\Umul8.c"
 Parameters:    Size  Location     Type
  multiplier      1    wreg     unsigned char 
  multiplicand    1    0[COMMON] unsigned char 
 Auto vars:     Size  Location     Type
  multiplier      1    1[COMMON] unsigned char 
  __bmul          1    2[COMMON] unsigned char 
 Return value:  Size  Location     Type
                  1    wreg      unsigned char 
 Registers used:
		wreg, status,2, status,0
 Tracked objects:
		On entry : 
		On exit  : 
		Unchanged: 
 Data sizes:     COMMON   BANK0   BANK1   BANK2
      Params:         1       0       0       0
      Locals:         2       0       0       0
      Temps:          0       0       0       0
      Totals:         3       0       0       0
Total ram usage:        3 bytes
 Hardware stack levels used:    1
 This function calls:
		Nothing
 This function is called by:
		_ISR
 This function uses a non-reentrant model



MODULE INFORMATION

Module		Function		Class		Link	Load	Size
BUZZTT.c
		_BUZZHH_Control		CODE           	01F1	0000	11
		_Key_Task      		CODE           	0204	0000	4
		_Hummer_Task   		CODE           	01FB	0000	5
		_Hummer_Init   		CODE           	01FF	0000	6
		_Key_Detect    		CODE           	020C	0000	53
		_BUZZTT_Task   		CODE           	01F0	0000	2
		_BUZZTT_Init   		CODE           	014D	0000	8
		_KEY_Init      		CODE           	0207	0000	6

BUZZTT.c estimated size: 95

Timer.c
		_Timer0_Init   		CODE           	00AA	0000	9

Timer.c estimated size: 9

Delay.c
		_DelayUs       		CODE           	0141	0000	13
		_DelayMs       		CODE           	005D	0000	18

Delay.c estimated size: 31

C:\Program Files (x86)\CCompiler\Compiler\data\sources\common\Umul8.c
		___bmul        		CODE           	0265	0000	15

C:\Program Files (x86)\CCompiler\Compiler\data\sources\common\Umul8.c estimated size: 15

READY.c
		_Ready_Init    		CODE           	0092	0000	13
		_Ready_Control 		CODE           	0107	0000	21
		_READY_Task    		CODE           	00B2	0000	86

READY.c estimated size: 120

Main.c
		_ISR           		CODE           	0176	0000	108
		_main          		CODE           	027B	0000	8

Main.c estimated size: 116

shared
		__initialization		CODE           	000F	0000	46
		__fptable      		ENTRY          	003F	0000	15
		i1___bmul      		CODE           	01E1	0000	15
		PL2            		CODE           	0172	0000	5

shared estimated size: 81

ADC.c
		_GET_ADC_DATA  		CODE           	011B	0000	39
		_Get_Cbattery_Stand_State		CODE           	0154	0000	31

ADC.c estimated size: 70

App.c
		_Initial       		CODE           	004E	0000	16

App.c estimated size: 16

Power.c
		_SYS_Initial   		CODE           	009E	0000	13
		_POWER_INITIAL 		CODE           	006E	0000	37

Power.c estimated size: 50

Task.c
		_Task_0        		CODE           	004D	0000	2
		_Task_3        		CODE           	0283	0000	2
		_Task_1        		CODE           	01EF	0000	2
		_Task_Process  		CODE           	0240	0000	38
		_Task_2        		CODE           	0282	0000	2

Task.c estimated size: 46

