GNU Tool Chain  

Linker command line:

--edf=C:\Program Files (x86)\CCompiler\Compiler\data\dat\en_msgs.txt -cs \
  -h+ft61fc3x_io.sym --cmf=ft61fc3x_io.cmf -z -QFT61FC3X \
  -oC:\Users\gcsja805\AppData\Local\Temp\shog.2 -Mft61fc3x_io.map -E1 \
  -ver=XC8 -ASTACK=0A0h-0efh -pstack=STACK -ACODE=00h-07FFh,0800h-0BFFh \
  -ASTRCODE=00h-0BFFh -ASTRING=00h-0FFhx12 -ACONST=00h-0FFhx12 \
  -AENTRY=00h-0FFhx12 -ACOMMON=070h-07Fh -ABANK0=020h-06Fh \
  -ABANK1=0A0h-0EFh -ABANK2=0120h-016Fh \
  -ARAM=020h-06Fh,0A0h-0EFh,0120h-016Fh \
  -AABS1=020h-07Fh,0A0h-0EFh,0120h-016Fh -ASFR0=00h-01Fh -ASFR1=080h-09Fh \
  -ASFR2=0100h-011Fh -ASFR3=0180h-01EFh \
  -preset_vec=00h,intentry=04h,init,end_init -ppowerup=CODE -pcinit=CODE \
  -pfunctab=ENTRY -ACONFIG=02007h-02007h -pconfig=CONFIG -DCONFIG=2 \
  -AIDLOC=02000h-02003h -pidloc=IDLOC -DIDLOC=2 -AEEDATA=00h-07Fh/02100h \
  -peeprom_data=EEDATA -DEEDATA=2 -DCODE=2 -DSTRCODE=2 -DSTRING=2 -DCONST=2 \
  -DENTRY=2 -k C:\Users\gcsja805\AppData\Local\Temp\shog.obj \
  ft61fc3x_io.obj 

Object code version is 3.11

Machine type is FT61FC3X



                Name                               Link     Load   Length Selector   Space Scale
C:\Users\gcsja805\AppData\Local\Temp\shog.obj
                end_init                              D        D        2        8       0
                reset_vec                             0        0        2        0       0
ft61fc3x_io.obj cinit                                 F        F       2F        8       0
                functab                              3E       3E        E       7C       0
                intentry                              4        4        9        8       0
                text17                               4C       4C       74       98       0
                text9                                C0       C0       6D       98       0
                text6                               183      183        1       98       0
                text5                               17C      17C        6       98       0
                text4                               162      162        B       98       0
                text3                               182      182        1       98       0
                text1                               12D      12D       35       98       0
                maintext                            175      175        7       98       0
                cstackBANK0                          4B       4B        5       20       1
                cstackCOMMON                         70       70        9       70       1
                clrtext                             16D      16D        8       98       0
                dataBANK0                            20       20       18       20       1
                bssBANK0                             38       38       13       20       1
                bssCOMMON                            79       79        1       70       1

TOTAL           Name                               Link     Load   Length     Space
        CLASS   STACK          

        CLASS   CODE           
                end_init                              D        D        2         0
                cinit                                 F        F       2F         0
                intentry                              4        4        9         0
                reset_vec                             0        0        2         0
                text17                               4C       4C       74         0
                text9                                C0       C0       6D         0
                text6                               183      183        1         0
                text5                               17C      17C        6         0
                text4                               162      162        B         0
                text3                               182      182        1         0
                text1                               12D      12D       35         0
                maintext                            175      175        7         0
                clrtext                             16D      16D        8         0

        CLASS   STRCODE        

        CLASS   STRING         

        CLASS   CONST          

        CLASS   ENTRY          
                functab                              3E       3E        E         0

        CLASS   COMMON         
                cstackCOMMON                         70       70        9         1
                bssCOMMON                            79       79        1         1

        CLASS   BANK0          
                cstackBANK0                          4B       4B        5         1
                dataBANK0                            20       20       18         1
                bssBANK0                             38       38       13         1

        CLASS   BANK1          

        CLASS   BANK2          

        CLASS   RAM            

        CLASS   ABS1           
                abs_s1                               7E       7E        2         1

        CLASS   SFR0           

        CLASS   SFR1           

        CLASS   SFR2           

        CLASS   SFR3           

        CLASS   CONFIG         

        CLASS   IDLOC          

        CLASS   EEDATA         

        CLASS   BANK3          



SEGMENTS        Name                           Load    Length   Top    Selector   Space  Class     Delta

                reset_vec                      000000  000002  000002         0       0  CODE        2
                intentry                       000004  00003A  00003E         8       0  CODE        2
                dataBANK0                      000020  000030  000050        20       1  BANK0       1
                cstackCOMMON                   000070  00000A  00007A        70       1  COMMON      1
                functab                        00003E  00000E  00004C        7C       0  ENTRY       2
                text17                         00004C  000138  000184        98       0  CODE        2


UNUSED ADDRESS RANGES

        Name                Unused          Largest block    Delta
        BANK0            050-06F            20           1
        BANK1            0A0-0EF            50           1
        BANK2            120-16F            50           1
        CODE             002-003             2           2
                         184-BFF           67C
        COMMON           07A-07D             4           1
        CONFIG           2007-2007             1           2
        CONST            002-003             2           2
                         184-BFF           100
        EEDATA           2100-217F            80           2
        ENTRY            002-003             2           2
                         184-BFF           100
        IDLOC            2000-2003             4           2
        RAM              050-06F            20           1
                         0A0-0EF            50
                         120-16F            50
        SFR0             000-01F            20           1
        SFR1             080-09F            20           1
        SFR2             100-11F            20           1
        SFR3             180-1EF            70           1
        STACK            0A0-0EF            50           1
        STRCODE          002-003             2           2
                         184-BFF           A7C
        STRING           002-003             2           2
                         184-BFF           100

                                  Symbol Table

DelayMs@Time             cstackBANK0  04D
DelayMs@a                cstackBANK0  04E
DelayMs@b                cstackBANK0  04F
DelayUs@Time             cstackBANK0  04B
DelayUs@a                cstackBANK0  04C
PL2                      text17       0B8
Task_Count@i             cstackCOMMON 075
Task_Process@i           cstackBANK0  04E
_BUZZER_Init             text9        127
_BUZZTT_Flag             bssCOMMON    079
_DelayMs                 text9        0CF
_DelayUs                 text9        0E0
_GIE                     (abs)        05F
_HT_Detect               text4        163
_INTCON                  (abs)        00B
_ISR                     text17       04C
_Initial                 text9        0C0
_Int_Initial             text9        0EB
_LB_Close                text5        17D
_OPTION                  (abs)        081
_OSCCON                  (abs)        08F
_PB0                     (abs)        030
_PORTA                   (abs)        005
_PORTB                   (abs)        006
_PORTC                   (abs)        007
_POWER_INITIAL           text9        0EE
_SYS                     bssBANK0     038
_SYS_Initial             text9        112
_T0IE                    (abs)        05D
_T0IF                    (abs)        05A
_TMR0                    (abs)        001
_TRISA                   (abs)        085
_TRISB                   (abs)        086
_TRISC                   (abs)        087
_TaskCompany             dataBANK0    020
_Task_0                  text5        17C
_Task_1                  text4        162
_Task_2                  text3        182
_Task_3                  text6        183
_Task_Count              text17       05E
_Task_Process            text1        12D
_Timer0_Init             text9        11F
_WPDA                    (abs)        089
_WPDB                    (abs)        10E
_WPDC                    (abs)        08D
_WPUA                    (abs)        095
_WPUB                    (abs)        10D
_WPUC                    (abs)        093
__Habs1                  abs1         000
__Hbank0                 bank0        000
__Hbank1                 bank1        000
__Hbank2                 bank2        000
__Hbank3                 bank3        000
__HbssBANK0              bssBANK0     000
__HbssCOMMON             bssCOMMON    000
__Hcinit                 cinit        03E
__Hclrtext               clrtext      000
__Hcode                  code         000
__Hcommon                common       000
__Hconfig                config       000
__HcstackBANK0           cstackBANK0  000
__HcstackCOMMON          cstackCOMMON 000
__HdataBANK0             dataBANK0    000
__Heeprom_data           eeprom_data  000
__Hend_init              end_init     00F
__Hfunctab               functab      04C
__HidataBANK0            idataBANK0   000
__Hidloc                 idloc        000
__Hinit                  init         00D
__Hintentry              intentry     00D
__Hmaintext              maintext     000
__Hpa_nodes0             pa_nodes0    000
__Hpowerup               powerup      000
__Hram                   ram          000
__Hreset_vec             reset_vec    002
__Hsfr0                  sfr0         000
__Hsfr1                  sfr1         000
__Hsfr2                  sfr2         000
__Hsfr3                  sfr3         000
__Hspace_0               (abs)        184
__Hspace_1               (abs)        07A
__Hspace_2               (abs)        000
__Hspace_3               (abs)        000
__Hstack                 stack        000
__Hstrings               strings      000
__Htext                  text         000
__Labs1                  abs1         000
__Lbank0                 bank0        000
__Lbank1                 bank1        000
__Lbank2                 bank2        000
__Lbank3                 bank3        000
__LbssBANK0              bssBANK0     000
__LbssCOMMON             bssCOMMON    000
__Lcinit                 cinit        00F
__Lclrtext               clrtext      000
__Lcode                  code         000
__Lcommon                common       000
__Lconfig                config       000
__LcstackBANK0           cstackBANK0  000
__LcstackCOMMON          cstackCOMMON 000
__LdataBANK0             dataBANK0    000
__Leeprom_data           eeprom_data  000
__Lend_init              end_init     00D
__Lfunctab               functab      03E
__LidataBANK0            idataBANK0   000
__Lidloc                 idloc        000
__Linit                  init         00D
__Lintentry              intentry     004
__Lmaintext              maintext     000
__Lpa_nodes0             pa_nodes0    000
__Lpowerup               powerup      000
__Lram                   ram          000
__Lreset_vec             reset_vec    000
__Lsfr0                  sfr0         000
__Lsfr1                  sfr1         000
__Lsfr2                  sfr2         000
__Lsfr3                  sfr3         000
__Lspace_0               (abs)        000
__Lspace_1               (abs)        000
__Lspace_2               (abs)        000
__Lspace_3               (abs)        000
__Lstack                 stack        000
__Lstrings               strings      000
__Ltext                  text         000
__S0                     (abs)        184
__S1                     (abs)        07A
__S2                     (abs)        000
__S3                     (abs)        000
___bmul                  text1        154
___bmul@multiplicand     cstackBANK0  04B
___bmul@multiplier       cstackBANK0  04D
___bmul@product          cstackBANK0  04C
___int_sp                stack        000
___latbits               (abs)        001
___sp                    stack        000
__end_ofPL2              text17       0C0
__end_of_BUZZER_Init     text9        12D
__end_of_DelayMs         text9        0E0
__end_of_DelayUs         text9        0EB
__end_of_HT_Detect       text4        16D
__end_of_ISR             text17       05E
__end_of_Initial         text9        0CF
__end_of_Int_Initial     text9        0EE
__end_of_LB_Close        text5        182
__end_of_POWER_INITIAL   text9        112
__end_of_SYS_Initial     text9        11F
__end_of_Task_0          text5        17D
__end_of_Task_1          text4        163
__end_of_Task_2          text3        183
__end_of_Task_3          text6        184
__end_of_Task_Count      text17       0AA
__end_of_Task_Process    text1        154
__end_of_Timer0_Init     text9        127
__end_of___bmul          text1        162
__end_of__fptable        functab      04C
__end_of__initialization cinit        03B
__end_of_main            maintext     17C
__end_ofi1___bmul        text17       0B8
__fptable                functab      03E
__initialization         cinit        00F
__pbssBANK0              bssBANK0     038
__pbssCOMMON             bssCOMMON    079
__pcstackBANK0           cstackBANK0  04B
__pcstackCOMMON          cstackCOMMON 070
__pdataBANK0             dataBANK0    020
__pfunctab               functab      03E
__pidataBANK0            idataBANK0   000
__pintentry              intentry     004
__pmaintext              maintext     175
__ptext1                 text1        12D
__ptext10                text9        11F
__ptext11                text9        112
__ptext12                text9        0EE
__ptext13                text9        0EB
__ptext14                text9        0CF
__ptext15                text9        0E0
__ptext16                text9        127
__ptext17                text17       04C
__ptext18                text17       05E
__ptext19                text17       0AA
__ptext2                 text1        154
__ptext3                 text3        182
__ptext4                 text4        162
__ptext5                 text5        17C
__ptext6                 text6        183
__ptext7                 text4        163
__ptext8                 text5        17D
__ptext9                 text9        0C0
__size_of_BUZZER_Init    (abs)        000
__size_of_DelayMs        (abs)        000
__size_of_DelayUs        (abs)        000
__size_of_HT_Detect      (abs)        000
__size_of_ISR            (abs)        000
__size_of_Initial        (abs)        000
__size_of_Int_Initial    (abs)        000
__size_of_LB_Close       (abs)        000
__size_of_POWER_INITIAL  (abs)        000
__size_of_SYS_Initial    (abs)        000
__size_of_Task_0         (abs)        000
__size_of_Task_1         (abs)        000
__size_of_Task_2         (abs)        000
__size_of_Task_3         (abs)        000
__size_of_Task_Count     (abs)        000
__size_of_Task_Process   (abs)        000
__size_of_Timer0_Init    (abs)        000
__size_of___bmul         (abs)        000
__size_of__fptable       (abs)        000
__size_of_main           (abs)        000
__size_ofi1___bmul       (abs)        000
_main                    maintext     175
btemp                    (abs)        07E
clear_ram0               clrtext      16D
end_of_initialization    cinit        03B
fpbase                   functab      043
fptable                  functab      03E
fptotal                  (abs)        008
i1___bmul                text17       0AA
i1___bmul@multiplicand   cstackCOMMON 070
i1___bmul@multiplier     cstackCOMMON 071
i1___bmul@product        cstackCOMMON 072
interrupt_function       intentry     004
intlevel0                functab      03E
intlevel1                functab      03E
intlevel2                functab      03E
intlevel3                functab      03E
intlevel4                functab      03E
intlevel5                functab      03E
reset_vec                reset_vec    000
saved_w                  (abs)        07E
stackhi                  (abs)        000
stacklo                  (abs)        000
start                    init         00D
start_initialization     cinit        00F
wtemp0                   (abs)        07E


FUNCTION INFORMATION:

 *************** function _main *****************
 Defined at:
		line 40 in file "Main.c"
 Parameters:    Size  Location     Type
		None
 Auto vars:     Size  Location     Type
		None
 Return value:  Size  Location     Type
                  1    wreg      void 
 Registers used:
		wreg, fsr0l, fsr0h, status,2, status,0, pclath, cstack
 Tracked objects:
		On entry : 
		On exit  : 
		Unchanged: 
 Data sizes:     COMMON   BANK0   BANK1   BANK2
      Params:         0       0       0       0
      Locals:         0       0       0       0
      Temps:          0       0       0       0
      Totals:         0       0       0       0
Total ram usage:        0 bytes
 Hardware stack levels required when called:    6
 This function calls:
		_Initial
		_Task_Process
 This function is called by:
		Startup code after reset
 This function uses a non-reentrant model


 *************** function _Task_Process *****************
 Defined at:
		line 118 in file "Task.c"
 Parameters:    Size  Location     Type
		None
 Auto vars:     Size  Location     Type
  i               1    3[BANK0 ] unsigned char 
 Return value:  Size  Location     Type
                  1    wreg      void 
 Registers used:
		wreg, fsr0l, fsr0h, status,2, status,0, pclath, cstack
 Tracked objects:
		On entry : 
		On exit  : 
		Unchanged: 
 Data sizes:     COMMON   BANK0   BANK1   BANK2
      Params:         0       0       0       0
      Locals:         0       1       0       0
      Temps:          0       0       0       0
      Totals:         0       1       0       0
Total ram usage:        1 bytes
 Hardware stack levels used:    1
 Hardware stack levels required when called:    5
 This function calls:
		_Task_0
		_Task_1
		_Task_2
		_Task_3
		___bmul
 This function is called by:
		_main
 This function uses a non-reentrant model


 *************** function ___bmul *****************
 Defined at:
		line 4 in file "C:\Program Files (x86)\CCompiler\Compiler\data\sources\common\Umul8.c"
 Parameters:    Size  Location     Type
  multiplier      1    wreg     unsigned char 
  multiplicand    1    0[BANK0 ] unsigned char 
 Auto vars:     Size  Location     Type
  multiplier      1    2[BANK0 ] unsigned char 
  product         1    1[BANK0 ] unsigned char 
 Return value:  Size  Location     Type
                  1    wreg      unsigned char 
 Registers used:
		wreg, status,2, status,0
 Tracked objects:
		On entry : 
		On exit  : 
		Unchanged: 
 Data sizes:     COMMON   BANK0   BANK1   BANK2
      Params:         0       1       0       0
      Locals:         0       2       0       0
      Temps:          0       0       0       0
      Totals:         0       3       0       0
Total ram usage:        3 bytes
 Hardware stack levels used:    1
 Hardware stack levels required when called:    3
 This function calls:
		Nothing
 This function is called by:
		_Task_Process
		_Task_Count
 This function uses a non-reentrant model


 *************** function _Task_2 *****************
 Defined at:
		line 85 in file "Task.c"
 Parameters:    Size  Location     Type
		None
 Auto vars:     Size  Location     Type
		None
 Return value:  Size  Location     Type
                  1    wreg      void 
 Registers used:
		None
 Tracked objects:
		On entry : 
		On exit  : 
		Unchanged: 
 Data sizes:     COMMON   BANK0   BANK1   BANK2
      Params:         0       0       0       0
      Locals:         0       0       0       0
      Temps:          0       0       0       0
      Totals:         0       0       0       0
Total ram usage:        0 bytes
 Hardware stack levels used:    1
 Hardware stack levels required when called:    3
 This function calls:
		Nothing
 This function is called by:
		_Task_Process
 This function uses a non-reentrant model


 *************** function _Task_1 *****************
 Defined at:
		line 72 in file "Task.c"
 Parameters:    Size  Location     Type
		None
 Auto vars:     Size  Location     Type
		None
 Return value:  Size  Location     Type
                  1    wreg      void 
 Registers used:
		wreg, status,2, status,0, pclath, cstack
 Tracked objects:
		On entry : 
		On exit  : 
		Unchanged: 
 Data sizes:     COMMON   BANK0   BANK1   BANK2
      Params:         0       0       0       0
      Locals:         0       0       0       0
      Temps:          0       0       0       0
      Totals:         0       0       0       0
Total ram usage:        0 bytes
 Hardware stack levels used:    1
 Hardware stack levels required when called:    4
 This function calls:
		_HT_Detect
 This function is called by:
		_Task_Process
 This function uses a non-reentrant model


 *************** function _Task_0 *****************
 Defined at:
		line 18 in file "Task.c"
 Parameters:    Size  Location     Type
		None
 Auto vars:     Size  Location     Type
		None
 Return value:  Size  Location     Type
                  1    wreg      void 
 Registers used:
		status,2, status,0, pclath, cstack
 Tracked objects:
		On entry : 
		On exit  : 
		Unchanged: 
 Data sizes:     COMMON   BANK0   BANK1   BANK2
      Params:         0       0       0       0
      Locals:         0       0       0       0
      Temps:          0       0       0       0
      Totals:         0       0       0       0
Total ram usage:        0 bytes
 Hardware stack levels used:    1
 Hardware stack levels required when called:    4
 This function calls:
		_LB_Close
 This function is called by:
		_Task_Process
 This function uses a non-reentrant model


 *************** function _Task_3 *****************
 Defined at:
		line 95 in file "Task.c"
 Parameters:    Size  Location     Type
		None
 Auto vars:     Size  Location     Type
		None
 Return value:  Size  Location     Type
                  1    wreg      void 
 Registers used:
		None
 Tracked objects:
		On entry : 
		On exit  : 
		Unchanged: 
 Data sizes:     COMMON   BANK0   BANK1   BANK2
      Params:         0       0       0       0
      Locals:         0       0       0       0
      Temps:          0       0       0       0
      Totals:         0       0       0       0
Total ram usage:        0 bytes
 Hardware stack levels used:    1
 Hardware stack levels required when called:    3
 This function calls:
		Nothing
 This function is called by:
		_Task_Process
 This function uses a non-reentrant model


 *************** function _HT_Detect *****************
 Defined at:
		line 28 in file "INT.c"
 Parameters:    Size  Location     Type
		None
 Auto vars:     Size  Location     Type
		None
 Return value:  Size  Location     Type
                  1    wreg      void 
 Registers used:
		wreg, status,2
 Tracked objects:
		On entry : 
		On exit  : 
		Unchanged: 
 Data sizes:     COMMON   BANK0   BANK1   BANK2
      Params:         0       0       0       0
      Locals:         0       0       0       0
      Temps:          0       0       0       0
      Totals:         0       0       0       0
Total ram usage:        0 bytes
 Hardware stack levels used:    1
 Hardware stack levels required when called:    3
 This function calls:
		Nothing
 This function is called by:
		_Task_1
 This function uses a non-reentrant model


 *************** function _LB_Close *****************
 Defined at:
		line 57 in file "INT.c"
 Parameters:    Size  Location     Type
		None
 Auto vars:     Size  Location     Type
		None
 Return value:  Size  Location     Type
                  1    wreg      void 
 Registers used:
		None
 Tracked objects:
		On entry : 
		On exit  : 
		Unchanged: 
 Data sizes:     COMMON   BANK0   BANK1   BANK2
      Params:         0       0       0       0
      Locals:         0       0       0       0
      Temps:          0       0       0       0
      Totals:         0       0       0       0
Total ram usage:        0 bytes
 Hardware stack levels used:    1
 Hardware stack levels required when called:    3
 This function calls:
		Nothing
 This function is called by:
		_Task_0
 This function uses a non-reentrant model


 *************** function _Initial *****************
 Defined at:
		line 12 in file "App.c"
 Parameters:    Size  Location     Type
		None
 Auto vars:     Size  Location     Type
		None
 Return value:  Size  Location     Type
                  1    wreg      void 
 Registers used:
		wreg, status,2, status,0, pclath, cstack
 Tracked objects:
		On entry : 
		On exit  : 
		Unchanged: 
 Data sizes:     COMMON   BANK0   BANK1   BANK2
      Params:         0       0       0       0
      Locals:         0       0       0       0
      Temps:          0       0       0       0
      Totals:         0       0       0       0
Total ram usage:        0 bytes
 Hardware stack levels used:    1
 Hardware stack levels required when called:    5
 This function calls:
		_BUZZER_Init
		_DelayMs
		_Int_Initial
		_POWER_INITIAL
		_SYS_Initial
		_Timer0_Init
 This function is called by:
		_main
 This function uses a non-reentrant model


 *************** function _Timer0_Init *****************
 Defined at:
		line 9 in file "Timer.c"
 Parameters:    Size  Location     Type
		None
 Auto vars:     Size  Location     Type
		None
 Return value:  Size  Location     Type
                  1    wreg      void 
 Registers used:
		wreg
 Tracked objects:
		On entry : 
		On exit  : 
		Unchanged: 
 Data sizes:     COMMON   BANK0   BANK1   BANK2
      Params:         0       0       0       0
      Locals:         0       0       0       0
      Temps:          0       0       0       0
      Totals:         0       0       0       0
Total ram usage:        0 bytes
 Hardware stack levels used:    1
 Hardware stack levels required when called:    3
 This function calls:
		Nothing
 This function is called by:
		_Initial
 This function uses a non-reentrant model


 *************** function _SYS_Initial *****************
 Defined at:
		line 42 in file "Power.c"
 Parameters:    Size  Location     Type
		None
 Auto vars:     Size  Location     Type
		None
 Return value:  Size  Location     Type
                  1    wreg      void 
 Registers used:
		status,2
 Tracked objects:
		On entry : 
		On exit  : 
		Unchanged: 
 Data sizes:     COMMON   BANK0   BANK1   BANK2
      Params:         0       0       0       0
      Locals:         0       0       0       0
      Temps:          0       0       0       0
      Totals:         0       0       0       0
Total ram usage:        0 bytes
 Hardware stack levels used:    1
 Hardware stack levels required when called:    3
 This function calls:
		Nothing
 This function is called by:
		_Initial
 This function uses a non-reentrant model


 *************** function _POWER_INITIAL *****************
 Defined at:
		line 9 in file "Power.c"
 Parameters:    Size  Location     Type
		None
 Auto vars:     Size  Location     Type
		None
 Return value:  Size  Location     Type
                  1    wreg      void 
 Registers used:
		wreg, status,2
 Tracked objects:
		On entry : 
		On exit  : 
		Unchanged: 
 Data sizes:     COMMON   BANK0   BANK1   BANK2
      Params:         0       0       0       0
      Locals:         0       0       0       0
      Temps:          0       0       0       0
      Totals:         0       0       0       0
Total ram usage:        0 bytes
 Hardware stack levels used:    1
 Hardware stack levels required when called:    3
 This function calls:
		Nothing
 This function is called by:
		_Initial
 This function uses a non-reentrant model


 *************** function _Int_Initial *****************
 Defined at:
		line 17 in file "INT.c"
 Parameters:    Size  Location     Type
		None
 Auto vars:     Size  Location     Type
		None
 Return value:  Size  Location     Type
                  1    wreg      void 
 Registers used:
		None
 Tracked objects:
		On entry : 
		On exit  : 
		Unchanged: 
 Data sizes:     COMMON   BANK0   BANK1   BANK2
      Params:         0       0       0       0
      Locals:         0       0       0       0
      Temps:          0       0       0       0
      Totals:         0       0       0       0
Total ram usage:        0 bytes
 Hardware stack levels used:    1
 Hardware stack levels required when called:    3
 This function calls:
		Nothing
 This function is called by:
		_Initial
 This function uses a non-reentrant model


 *************** function _DelayMs *****************
 Defined at:
		line 22 in file "Delay.c"
 Parameters:    Size  Location     Type
  Time            1    wreg     unsigned char 
 Auto vars:     Size  Location     Type
  Time            1    2[BANK0 ] unsigned char 
  b               1    4[BANK0 ] unsigned char 
  a               1    3[BANK0 ] unsigned char 
 Return value:  Size  Location     Type
                  1    wreg      void 
 Registers used:
		wreg, status,2, status,0, pclath, cstack
 Tracked objects:
		On entry : 
		On exit  : 
		Unchanged: 
 Data sizes:     COMMON   BANK0   BANK1   BANK2
      Params:         0       0       0       0
      Locals:         0       3       0       0
      Temps:          0       0       0       0
      Totals:         0       3       0       0
Total ram usage:        3 bytes
 Hardware stack levels used:    1
 Hardware stack levels required when called:    4
 This function calls:
		_DelayUs
 This function is called by:
		_Initial
 This function uses a non-reentrant model


 *************** function _DelayUs *****************
 Defined at:
		line 8 in file "Delay.c"
 Parameters:    Size  Location     Type
  Time            1    wreg     unsigned char 
 Auto vars:     Size  Location     Type
  Time            1    0[BANK0 ] unsigned char 
  a               1    1[BANK0 ] unsigned char 
 Return value:  Size  Location     Type
                  1    wreg      void 
 Registers used:
		wreg, status,2, status,0
 Tracked objects:
		On entry : 
		On exit  : 
		Unchanged: 
 Data sizes:     COMMON   BANK0   BANK1   BANK2
      Params:         0       0       0       0
      Locals:         0       2       0       0
      Temps:          0       0       0       0
      Totals:         0       2       0       0
Total ram usage:        2 bytes
 Hardware stack levels used:    1
 Hardware stack levels required when called:    3
 This function calls:
		Nothing
 This function is called by:
		_DelayMs
 This function uses a non-reentrant model


 *************** function _BUZZER_Init *****************
 Defined at:
		line 46 in file "BUZZTT.c"
 Parameters:    Size  Location     Type
		None
 Auto vars:     Size  Location     Type
		None
 Return value:  Size  Location     Type
                  1    wreg      void 
 Registers used:
		status,2
 Tracked objects:
		On entry : 
		On exit  : 
		Unchanged: 
 Data sizes:     COMMON   BANK0   BANK1   BANK2
      Params:         0       0       0       0
      Locals:         0       0       0       0
      Temps:          0       0       0       0
      Totals:         0       0       0       0
Total ram usage:        0 bytes
 Hardware stack levels used:    1
 Hardware stack levels required when called:    3
 This function calls:
		Nothing
 This function is called by:
		_Initial
 This function uses a non-reentrant model


 *************** function _ISR *****************
 Defined at:
		line 24 in file "Main.c"
 Parameters:    Size  Location     Type
		None
 Auto vars:     Size  Location     Type
		None
 Return value:  Size  Location     Type
                  1    wreg      void 
 Registers used:
		wreg, fsr0l, fsr0h, status,2, status,0, pclath, cstack
 Tracked objects:
		On entry : 
		On exit  : 
		Unchanged: 
 Data sizes:     COMMON   BANK0   BANK1   BANK2
      Params:         0       0       0       0
      Locals:         0       0       0       0
      Temps:          3       0       0       0
      Totals:         3       0       0       0
Total ram usage:        3 bytes
 Hardware stack levels used:    1
 Hardware stack levels required when called:    2
 This function calls:
		_Task_Count
 This function is called by:
		Interrupt level 1
 This function uses a non-reentrant model


 *************** function _Task_Count *****************
 Defined at:
		line 135 in file "Task.c"
 Parameters:    Size  Location     Type
		None
 Auto vars:     Size  Location     Type
  i               1    5[COMMON] unsigned char 
 Return value:  Size  Location     Type
                  1    wreg      void 
 Registers used:
		wreg, fsr0l, fsr0h, status,2, status,0, pclath, cstack
 Tracked objects:
		On entry : 
		On exit  : 
		Unchanged: 
 Data sizes:     COMMON   BANK0   BANK1   BANK2
      Params:         0       0       0       0
      Locals:         1       0       0       0
      Temps:          2       0       0       0
      Totals:         3       0       0       0
Total ram usage:        3 bytes
 Hardware stack levels used:    1
 Hardware stack levels required when called:    1
 This function calls:
		i1___bmul
 This function is called by:
		_ISR
 This function uses a non-reentrant model


 *************** function i1___bmul *****************
 Defined at:
		line 4 in file "C:\Program Files (x86)\CCompiler\Compiler\data\sources\common\Umul8.c"
 Parameters:    Size  Location     Type
  multiplier      1    wreg     unsigned char 
  multiplicand    1    0[COMMON] unsigned char 
 Auto vars:     Size  Location     Type
  multiplier      1    1[COMMON] unsigned char 
  __bmul          1    2[COMMON] unsigned char 
 Return value:  Size  Location     Type
                  1    wreg      unsigned char 
 Registers used:
		wreg, status,2, status,0
 Tracked objects:
		On entry : 
		On exit  : 
		Unchanged: 
 Data sizes:     COMMON   BANK0   BANK1   BANK2
      Params:         1       0       0       0
      Locals:         2       0       0       0
      Temps:          0       0       0       0
      Totals:         3       0       0       0
Total ram usage:        3 bytes
 Hardware stack levels used:    1
 This function calls:
		Nothing
 This function is called by:
		_Task_Count
 This function uses a non-reentrant model



MODULE INFORMATION

Module		Function		Class		Link	Load	Size
BUZZTT.c
		_BUZZER_Init   		CODE           	0127	0000	7

BUZZTT.c estimated size: 7

Timer.c
		_Timer0_Init   		CODE           	011F	0000	9

Timer.c estimated size: 9

Delay.c
		_DelayUs       		CODE           	00E0	0000	12
		_DelayMs       		CODE           	00CF	0000	18

Delay.c estimated size: 30

C:\Program Files (x86)\CCompiler\Compiler\data\sources\common\Umul8.c
		___bmul        		CODE           	0154	0000	15

C:\Program Files (x86)\CCompiler\Compiler\data\sources\common\Umul8.c estimated size: 15

Main.c
		_ISR           		CODE           	004C	0000	19
		_main          		CODE           	0175	0000	8

Main.c estimated size: 27

shared
		__initialization		CODE           	000F	0000	45
		__fptable      		ENTRY          	003E	0000	15
		i1___bmul      		CODE           	00AA	0000	15
		PL2            		CODE           	00B8	0000	9

shared estimated size: 84

INT.c
		_LB_Close      		CODE           	017D	0000	6
		_Int_Initial   		CODE           	00EB	0000	4
		_HT_Detect     		CODE           	0163	0000	11

INT.c estimated size: 21

App.c
		_Initial       		CODE           	00C0	0000	16

App.c estimated size: 16

Power.c
		_SYS_Initial   		CODE           	0112	0000	14
		_POWER_INITIAL 		CODE           	00EE	0000	37

Power.c estimated size: 51

Task.c
		_Task_0        		CODE           	017C	0000	2
		_Task_3        		CODE           	0183	0000	2
		_Task_1        		CODE           	0162	0000	2
		_Task_Process  		CODE           	012D	0000	40
		_Task_2        		CODE           	0182	0000	2
		_Task_Count    		CODE           	005E	0000	77

Task.c estimated size: 125

