GNU Tool Chain  

Linker command line:

--edf=C:\Program Files (x86)\CCompiler\Compiler\data\dat\en_msgs.txt -cs \
  -h+ft61fc3x_io.sym --cmf=ft61fc3x_io.cmf -z -QFT61FC3X \
  -oC:\Users\gcsja805\AppData\Local\Temp\sqk.2 -Mft61fc3x_io.map -E1 \
  -ver=XC8 -ASTACK=0A0h-0efh -pstack=STACK -ACODE=00h-07FFh,0800h-0BFFh \
  -ASTRCODE=00h-0BFFh -ASTRING=00h-0FFhx12 -ACONST=00h-0FFhx12 \
  -AENTRY=00h-0FFhx12 -ACOMMON=070h-07Fh -ABANK0=020h-06Fh \
  -ABANK1=0A0h-0EFh -ABANK2=0120h-016Fh \
  -ARAM=020h-06Fh,0A0h-0EFh,0120h-016Fh \
  -AABS1=020h-07Fh,0A0h-0EFh,0120h-016Fh -ASFR0=00h-01Fh -ASFR1=080h-09Fh \
  -ASFR2=0100h-011Fh -ASFR3=0180h-01EFh \
  -preset_vec=00h,intentry=04h,init,end_init -ppowerup=CODE -pcinit=CODE \
  -pfunctab=ENTRY -ACONFIG=02007h-02007h -pconfig=CONFIG -DCONFIG=2 \
  -AIDLOC=02000h-02003h -pidloc=IDLOC -DIDLOC=2 -AEEDATA=00h-07Fh/02100h \
  -peeprom_data=EEDATA -DEEDATA=2 -DCODE=2 -DSTRCODE=2 -DSTRING=2 -DCONST=2 \
  -DENTRY=2 -k C:\Users\gcsja805\AppData\Local\Temp\sqk.obj ft61fc3x_io.obj 

Object code version is 3.11

Machine type is FT61FC3X



                Name                               Link     Load   Length Selector   Space Scale
C:\Users\gcsja805\AppData\Local\Temp\sqk.obj
                end_init                              D        D        2        8       0
                reset_vec                             0        0        2        0       0
ft61fc3x_io.obj cinit                                 F        F       2F        8       0
                functab                              3E       3E        E       7C       0
                intentry                              4        4        9        8       0
                text40                              22D      22D       79       98       0
                text30                               4C       4C      1E1       98       0
                text6                               351      351        1       98       0
                text4                               2A6      2A6       68       98       0
                text3                               350      350        1       98       0
                text1                               30E      30E       33       98       0
                maintext                            349      349        7       98       0
                cstackBANK0                          50       50        8       20       1
                cstackCOMMON                         70       70        9       70       1
                clrtext                             341      341        8       98       0
                dataBANK0                            38       38       18       20       1
                bssBANK0                             20       20       18       20       1
                bssCOMMON                            79       79        1       70       1

TOTAL           Name                               Link     Load   Length     Space
        CLASS   STACK          

        CLASS   CODE           
                end_init                              D        D        2         0
                cinit                                 F        F       2F         0
                intentry                              4        4        9         0
                reset_vec                             0        0        2         0
                text40                              22D      22D       79         0
                text30                               4C       4C      1E1         0
                text6                               351      351        1         0
                text4                               2A6      2A6       68         0
                text3                               350      350        1         0
                text1                               30E      30E       33         0
                maintext                            349      349        7         0
                clrtext                             341      341        8         0

        CLASS   STRCODE        

        CLASS   STRING         

        CLASS   CONST          

        CLASS   ENTRY          
                functab                              3E       3E        E         0

        CLASS   COMMON         
                cstackCOMMON                         70       70        9         1
                bssCOMMON                            79       79        1         1

        CLASS   BANK0          
                cstackBANK0                          50       50        8         1
                dataBANK0                            38       38       18         1
                bssBANK0                             20       20       18         1

        CLASS   BANK1          

        CLASS   BANK2          

        CLASS   RAM            

        CLASS   ABS1           
                abs_s1                               7E       7E        2         1

        CLASS   SFR0           

        CLASS   SFR1           

        CLASS   SFR2           

        CLASS   SFR3           

        CLASS   CONFIG         

        CLASS   IDLOC          

        CLASS   EEDATA         

        CLASS   BANK3          



SEGMENTS        Name                           Load    Length   Top    Selector   Space  Class     Delta

                reset_vec                      000000  000002  000002         0       0  CODE        2
                intentry                       000004  00003A  00003E         8       0  CODE        2
                bssBANK0                       000020  000038  000058        20       1  BANK0       1
                cstackCOMMON                   000070  00000A  00007A        70       1  COMMON      1
                functab                        00003E  00000E  00004C        7C       0  ENTRY       2
                text30                         00004C  000306  000352        98       0  CODE        2


UNUSED ADDRESS RANGES

        Name                Unused          Largest block    Delta
        BANK0            058-06F            18           1
        BANK1            0A0-0EF            50           1
        BANK2            120-16F            50           1
        CODE             002-003             2           2
                         352-BFF           4AE
        COMMON           07A-07D             4           1
        CONFIG           2007-2007             1           2
        CONST            002-003             2           2
                         352-BFF           100
        EEDATA           2100-217F            80           2
        ENTRY            002-003             2           2
                         352-BFF           100
        IDLOC            2000-2003             4           2
        RAM              058-06F            18           1
                         0A0-0EF            50
                         120-16F            50
        SFR0             000-01F            20           1
        SFR1             080-09F            20           1
        SFR2             100-11F            20           1
        SFR3             180-1EF            70           1
        STACK            0A0-0EF            50           1
        STRCODE          002-003             2           2
                         352-BFF           8AE
        STRING           002-003             2           2
                         352-BFF           100

                                  Symbol Table

?_GET_ADC_DATA                         cstackBANK0  052
DelayMs@Time                           cstackBANK0  052
DelayMs@a                              cstackBANK0  053
DelayMs@b                              cstackBANK0  054
DelayUs@Time                           cstackBANK0  050
DelayUs@a                              cstackBANK0  051
GET_ADC_DATA@ADCON0Buff                cstackBANK0  056
GET_ADC_DATA@adcChannel                cstackBANK0  055
Get_Vbattery_Stand_State@adc_value     cstackBANK0  050
Get_Vbattery_Stand_State@current_state bssBANK0     034
ISR@i                                  cstackCOMMON 078
Key_Detect@long_cnt                    bssBANK0     030
Key_Detect@long_trig                   bssBANK0     035
Key_Detect@press_cnt                   bssBANK0     036
PL2                                    text30       229
READY_Task@counter                     bssBANK0     032
READY_Task@state                       bssBANK0     037
Ready_Control@num                      cstackBANK0  050
Task_Process@i                         cstackBANK0  057
Timer0_Task@Long_Ready_Time            bssBANK0     02E
_ADCMPH                                (abs)        187
_ADCON0                                (abs)        113
_ADCON1                                (abs)        114
_ADCON2                                (abs)        115
_ADCON3                                (abs)        186
_ADC_INITIAL                           text30       071
_ADC_Task                              text30       08F
_ADON                                  (abs)        898
_ADRESH                                (abs)        112
_ADRESL                                (abs)        111
_ANSEL0                                (abs)        11E
_BUZZHH_Control                        text4        2AA
_BUZZTT_Init                           text30       1D4
_BUZZTT_Task                           text4        2A9
_DelayMs                               text30       05F
_DelayUs                               text30       179
_GET_ADC_DATA                          text30       153
_GIE                                   (abs)        05F
_Get_Cbattery_Data                     text30       0A7
_Get_Vbattery_Data                     text30       0AE
_Get_Vbattery_Stand_State              text30       0B5
_Hummer_Init                           text4        2B8
_Hummer_Task                           text4        2B4
_INTCON                                (abs)        00B
_ISR                                   text40       22D
_Initial                               text30       04C
_Int_Initial                           text30       186
_Int_Task                              text30       185
_KEY_Init                              text4        2C0
_KEY_Press                             bssCOMMON    079
_Key_Detect                            text4        2C5
_Key_Task                              text4        2BD
_LB_Control                            text30       1EA
_LB_STANDBY_Close_Control              text30       1FA
_LB_ST_Task                            text30       1E3
_OPTION                                (abs)        081
_OSCCON                                (abs)        08F
_PA1                                   (abs)        029
_PB3                                   (abs)        033
_PB5                                   (abs)        035
_PC1                                   (abs)        039
_PORTA                                 (abs)        005
_PORTB                                 (abs)        006
_PORTC                                 (abs)        007
_POWER_INITIAL                         text30       18B
_READY_Task                            text30       0F3
_Read_Int                              text30       1DB
_Ready_Control                         text30       148
_Ready_Init                            text30       1B0
_Relay_Release_Detect                  text30       0E8
_STNADBY_Control                       text30       1F2
_SYS                                   bssBANK0     020
_SYS_Initial                           text30       1BC
_T0IE                                  (abs)        05D
_T0IF                                  (abs)        05A
_TMR0                                  (abs)        001
_TRISA                                 (abs)        085
_TRISB                                 (abs)        086
_TRISC                                 (abs)        087
_TaskCompany                           dataBANK0    038
_Task_0                                text30       088
_Task_1                                text4        2A6
_Task_2                                text3        350
_Task_3                                text6        351
_Task_Process                          text1        30E
_Timer0_Init                           text30       1CC
_Timer0_Task                           text4        2F9
_WPDA                                  (abs)        089
_WPDB                                  (abs)        10E
_WPDC                                  (abs)        08D
_WPUA                                  (abs)        095
_WPUB                                  (abs)        10D
_WPUC                                  (abs)        093
_Work_State_Change                     text30       200
__Habs1                                abs1         000
__Hbank0                               bank0        000
__Hbank1                               bank1        000
__Hbank2                               bank2        000
__Hbank3                               bank3        000
__HbssBANK0                            bssBANK0     000
__HbssCOMMON                           bssCOMMON    000
__Hcinit                               cinit        03E
__Hclrtext                             clrtext      000
__Hcode                                code         000
__Hcommon                              common       000
__Hconfig                              config       000
__HcstackBANK0                         cstackBANK0  000
__HcstackCOMMON                        cstackCOMMON 000
__HdataBANK0                           dataBANK0    000
__Heeprom_data                         eeprom_data  000
__Hend_init                            end_init     00F
__Hfunctab                             functab      04C
__HidataBANK0                          idataBANK0   000
__Hidloc                               idloc        000
__Hinit                                init         00D
__Hintentry                            intentry     00D
__Hmaintext                            maintext     000
__Hpa_nodes0                           pa_nodes0    000
__Hpowerup                             powerup      000
__Hram                                 ram          000
__Hreset_vec                           reset_vec    002
__Hsfr0                                sfr0         000
__Hsfr1                                sfr1         000
__Hsfr2                                sfr2         000
__Hsfr3                                sfr3         000
__Hspace_0                             (abs)        352
__Hspace_1                             (abs)        07A
__Hspace_2                             (abs)        000
__Hspace_3                             (abs)        000
__Hstack                               stack        000
__Hstrings                             strings      000
__Htext                                text         000
__Labs1                                abs1         000
__Lbank0                               bank0        000
__Lbank1                               bank1        000
__Lbank2                               bank2        000
__Lbank3                               bank3        000
__LbssBANK0                            bssBANK0     000
__LbssCOMMON                           bssCOMMON    000
__Lcinit                               cinit        00F
__Lclrtext                             clrtext      000
__Lcode                                code         000
__Lcommon                              common       000
__Lconfig                              config       000
__LcstackBANK0                         cstackBANK0  000
__LcstackCOMMON                        cstackCOMMON 000
__LdataBANK0                           dataBANK0    000
__Leeprom_data                         eeprom_data  000
__Lend_init                            end_init     00D
__Lfunctab                             functab      03E
__LidataBANK0                          idataBANK0   000
__Lidloc                               idloc        000
__Linit                                init         00D
__Lintentry                            intentry     004
__Lmaintext                            maintext     000
__Lpa_nodes0                           pa_nodes0    000
__Lpowerup                             powerup      000
__Lram                                 ram          000
__Lreset_vec                           reset_vec    000
__Lsfr0                                sfr0         000
__Lsfr1                                sfr1         000
__Lsfr2                                sfr2         000
__Lsfr3                                sfr3         000
__Lspace_0                             (abs)        000
__Lspace_1                             (abs)        000
__Lspace_2                             (abs)        000
__Lspace_3                             (abs)        000
__Lstack                               stack        000
__Lstrings                             strings      000
__Ltext                                text         000
__S0                                   (abs)        352
__S1                                   (abs)        07A
__S2                                   (abs)        000
__S3                                   (abs)        000
___bmul                                text1        333
___bmul@multiplicand                   cstackBANK0  050
___bmul@multiplier                     cstackBANK0  052
___bmul@product                        cstackBANK0  051
___int_sp                              stack        000
___latbits                             (abs)        001
___sp                                  stack        000
__end_ofPL2                            text30       22D
__end_of_ADC_INITIAL                   text30       088
__end_of_ADC_Task                      text30       0A7
__end_of_BUZZHH_Control                text4        2B4
__end_of_BUZZTT_Init                   text30       1DB
__end_of_BUZZTT_Task                   text4        2AA
__end_of_DelayMs                       text30       071
__end_of_DelayUs                       text30       185
__end_of_GET_ADC_DATA                  text30       179
__end_of_Get_Cbattery_Data             text30       0AE
__end_of_Get_Vbattery_Data             text30       0B5
__end_of_Get_Vbattery_Stand_State      text30       0E8
__end_of_Hummer_Init                   text4        2BD
__end_of_Hummer_Task                   text4        2B8
__end_of_ISR                           text40       298
__end_of_Initial                       text30       05F
__end_of_Int_Initial                   text30       18B
__end_of_Int_Task                      text30       186
__end_of_KEY_Init                      text4        2C5
__end_of_Key_Detect                    text4        2F9
__end_of_Key_Task                      text4        2C0
__end_of_LB_Control                    text30       1F2
__end_of_LB_STANDBY_Close_Control      text30       200
__end_of_LB_ST_Task                    text30       1EA
__end_of_POWER_INITIAL                 text30       1B0
__end_of_READY_Task                    text30       148
__end_of_Read_Int                      text30       1E3
__end_of_Ready_Control                 text30       153
__end_of_Ready_Init                    text30       1BC
__end_of_Relay_Release_Detect          text30       0F3
__end_of_STNADBY_Control               text30       1FA
__end_of_SYS_Initial                   text30       1CC
__end_of_Task_0                        text30       08F
__end_of_Task_1                        text4        2A9
__end_of_Task_2                        text3        351
__end_of_Task_3                        text6        352
__end_of_Task_Process                  text1        333
__end_of_Timer0_Init                   text30       1D4
__end_of_Timer0_Task                   text4        30E
__end_of_Work_State_Change             text30       229
__end_of___bmul                        text1        341
__end_of__fptable                      functab      04C
__end_of__initialization               cinit        03B
__end_of_main                          maintext     350
__end_ofi1___bmul                      text40       2A6
__fptable                              functab      03E
__initialization                       cinit        00F
__pbssBANK0                            bssBANK0     020
__pbssCOMMON                           bssCOMMON    079
__pcstackBANK0                         cstackBANK0  050
__pcstackCOMMON                        cstackCOMMON 070
__pdataBANK0                           dataBANK0    038
__pfunctab                             functab      03E
__pidataBANK0                          idataBANK0   000
__pintentry                            intentry     004
__pmaintext                            maintext     349
__ptext1                               text1        30E
__ptext10                              text4        2BD
__ptext11                              text4        2C5
__ptext12                              text4        2C0
__ptext13                              text4        2B4
__ptext14                              text4        2B8
__ptext15                              text30       0F3
__ptext16                              text30       148
__ptext17                              text30       1E3
__ptext18                              text30       200
__ptext19                              text30       1F2
__ptext2                               text1        333
__ptext20                              text30       1FA
__ptext21                              text30       1EA
__ptext22                              text30       185
__ptext23                              text30       1DB
__ptext24                              text30       08F
__ptext25                              text30       0E8
__ptext26                              text30       0B5
__ptext27                              text30       0AE
__ptext28                              text30       0A7
__ptext29                              text30       153
__ptext3                               text3        350
__ptext30                              text30       04C
__ptext31                              text30       1CC
__ptext32                              text30       1BC
__ptext33                              text30       1B0
__ptext34                              text30       18B
__ptext35                              text30       186
__ptext36                              text30       1D4
__ptext37                              text30       071
__ptext38                              text30       05F
__ptext39                              text30       179
__ptext4                               text4        2A6
__ptext40                              text40       22D
__ptext41                              text40       298
__ptext5                               text30       088
__ptext6                               text6        351
__ptext7                               text4        2F9
__ptext8                               text4        2A9
__ptext9                               text4        2AA
__size_of_ADC_INITIAL                  (abs)        000
__size_of_ADC_Task                     (abs)        000
__size_of_BUZZHH_Control               (abs)        000
__size_of_BUZZTT_Init                  (abs)        000
__size_of_BUZZTT_Task                  (abs)        000
__size_of_DelayMs                      (abs)        000
__size_of_DelayUs                      (abs)        000
__size_of_GET_ADC_DATA                 (abs)        000
__size_of_Get_Cbattery_Data            (abs)        000
__size_of_Get_Vbattery_Data            (abs)        000
__size_of_Get_Vbattery_Stand_State     (abs)        000
__size_of_Hummer_Init                  (abs)        000
__size_of_Hummer_Task                  (abs)        000
__size_of_ISR                          (abs)        000
__size_of_Initial                      (abs)        000
__size_of_Int_Initial                  (abs)        000
__size_of_Int_Task                     (abs)        000
__size_of_KEY_Init                     (abs)        000
__size_of_Key_Detect                   (abs)        000
__size_of_Key_Task                     (abs)        000
__size_of_LB_Control                   (abs)        000
__size_of_LB_STANDBY_Close_Control     (abs)        000
__size_of_LB_ST_Task                   (abs)        000
__size_of_POWER_INITIAL                (abs)        000
__size_of_READY_Task                   (abs)        000
__size_of_Read_Int                     (abs)        000
__size_of_Ready_Control                (abs)        000
__size_of_Ready_Init                   (abs)        000
__size_of_Relay_Release_Detect         (abs)        000
__size_of_STNADBY_Control              (abs)        000
__size_of_SYS_Initial                  (abs)        000
__size_of_Task_0                       (abs)        000
__size_of_Task_1                       (abs)        000
__size_of_Task_2                       (abs)        000
__size_of_Task_3                       (abs)        000
__size_of_Task_Process                 (abs)        000
__size_of_Timer0_Init                  (abs)        000
__size_of_Timer0_Task                  (abs)        000
__size_of_Work_State_Change            (abs)        000
__size_of___bmul                       (abs)        000
__size_of__fptable                     (abs)        000
__size_of_main                         (abs)        000
__size_ofi1___bmul                     (abs)        000
_main                                  maintext     349
btemp                                  (abs)        07E
clear_ram0                             clrtext      341
end_of_initialization                  cinit        03B
fpbase                                 functab      043
fptable                                functab      03E
fptotal                                (abs)        008
i1___bmul                              text40       298
i1___bmul@multiplicand                 cstackCOMMON 070
i1___bmul@multiplier                   cstackCOMMON 071
i1___bmul@product                      cstackCOMMON 072
interrupt_function                     intentry     004
intlevel0                              functab      03E
intlevel1                              functab      03E
intlevel2                              functab      03E
intlevel3                              functab      03E
intlevel4                              functab      03E
intlevel5                              functab      03E
reset_vec                              reset_vec    000
saved_w                                (abs)        07E
stackhi                                (abs)        000
stacklo                                (abs)        000
start                                  init         00D
start_initialization                   cinit        00F
wtemp0                                 (abs)        07E


FUNCTION INFORMATION:

 *************** function _main *****************
 Defined at:
		line 53 in file "Main.c"
 Parameters:    Size  Location     Type
		None
 Auto vars:     Size  Location     Type
		None
 Return value:  Size  Location     Type
                  1    wreg      void 
 Registers used:
		wreg, fsr0l, fsr0h, status,2, status,0, pclath, cstack
 Tracked objects:
		On entry : 
		On exit  : 
		Unchanged: 
 Data sizes:     COMMON   BANK0   BANK1   BANK2
      Params:         0       0       0       0
      Locals:         0       0       0       0
      Temps:          0       0       0       0
      Totals:         0       0       0       0
Total ram usage:        0 bytes
 Hardware stack levels required when called:    8
 This function calls:
		_Initial
		_Task_Process
 This function is called by:
		Startup code after reset
 This function uses a non-reentrant model


 *************** function _Task_Process *****************
 Defined at:
		line 70 in file "Task.c"
 Parameters:    Size  Location     Type
		None
 Auto vars:     Size  Location     Type
  i               1    7[BANK0 ] unsigned char 
 Return value:  Size  Location     Type
                  1    wreg      void 
 Registers used:
		wreg, fsr0l, fsr0h, status,2, status,0, pclath, cstack
 Tracked objects:
		On entry : 
		On exit  : 
		Unchanged: 
 Data sizes:     COMMON   BANK0   BANK1   BANK2
      Params:         0       0       0       0
      Locals:         0       1       0       0
      Temps:          0       0       0       0
      Totals:         0       1       0       0
Total ram usage:        1 bytes
 Hardware stack levels used:    1
 Hardware stack levels required when called:    7
 This function calls:
		_Task_0
		_Task_1
		_Task_2
		_Task_3
		___bmul
 This function is called by:
		_main
 This function uses a non-reentrant model


 *************** function ___bmul *****************
 Defined at:
		line 4 in file "C:\Program Files (x86)\CCompiler\Compiler\data\sources\common\Umul8.c"
 Parameters:    Size  Location     Type
  multiplier      1    wreg     unsigned char 
  multiplicand    1    0[BANK0 ] unsigned char 
 Auto vars:     Size  Location     Type
  multiplier      1    2[BANK0 ] unsigned char 
  product         1    1[BANK0 ] unsigned char 
 Return value:  Size  Location     Type
                  1    wreg      unsigned char 
 Registers used:
		wreg, status,2, status,0
 Tracked objects:
		On entry : 
		On exit  : 
		Unchanged: 
 Data sizes:     COMMON   BANK0   BANK1   BANK2
      Params:         0       1       0       0
      Locals:         0       2       0       0
      Temps:          0       0       0       0
      Totals:         0       3       0       0
Total ram usage:        3 bytes
 Hardware stack levels used:    1
 Hardware stack levels required when called:    2
 This function calls:
		Nothing
 This function is called by:
		_ISR
		_Task_Process
 This function uses a non-reentrant model


 *************** function _Task_2 *****************
 Defined at:
		line 49 in file "Task.c"
 Parameters:    Size  Location     Type
		None
 Auto vars:     Size  Location     Type
		None
 Return value:  Size  Location     Type
                  1    wreg      void 
 Registers used:
		None
 Tracked objects:
		On entry : 
		On exit  : 
		Unchanged: 
 Data sizes:     COMMON   BANK0   BANK1   BANK2
      Params:         0       0       0       0
      Locals:         0       0       0       0
      Temps:          0       0       0       0
      Totals:         0       0       0       0
Total ram usage:        0 bytes
 Hardware stack levels used:    1
 Hardware stack levels required when called:    2
 This function calls:
		Nothing
 This function is called by:
		_Task_Process
 This function uses a non-reentrant model


 *************** function _Task_1 *****************
 Defined at:
		line 35 in file "Task.c"
 Parameters:    Size  Location     Type
		None
 Auto vars:     Size  Location     Type
		None
 Return value:  Size  Location     Type
                  1    wreg      void 
 Registers used:
		wreg, status,2, status,0, pclath, cstack
 Tracked objects:
		On entry : 
		On exit  : 
		Unchanged: 
 Data sizes:     COMMON   BANK0   BANK1   BANK2
      Params:         0       0       0       0
      Locals:         0       0       0       0
      Temps:          0       0       0       0
      Totals:         0       0       0       0
Total ram usage:        0 bytes
 Hardware stack levels used:    1
 Hardware stack levels required when called:    6
 This function calls:
		_BUZZTT_Task
		_Timer0_Task
 This function is called by:
		_Task_Process
 This function uses a non-reentrant model


 *************** function _Task_0 *****************
 Defined at:
		line 18 in file "Task.c"
 Parameters:    Size  Location     Type
		None
 Auto vars:     Size  Location     Type
		None
 Return value:  Size  Location     Type
                  1    wreg      void 
 Registers used:
		wreg, fsr0l, fsr0h, status,2, status,0, pclath, cstack
 Tracked objects:
		On entry : 
		On exit  : 
		Unchanged: 
 Data sizes:     COMMON   BANK0   BANK1   BANK2
      Params:         0       0       0       0
      Locals:         0       0       0       0
      Temps:          0       0       0       0
      Totals:         0       0       0       0
Total ram usage:        0 bytes
 Hardware stack levels used:    1
 Hardware stack levels required when called:    6
 This function calls:
		_ADC_Task
		_Int_Task
		_LB_ST_Task
		_READY_Task
 This function is called by:
		_Task_Process
 This function uses a non-reentrant model


 *************** function _Task_3 *****************
 Defined at:
		line 58 in file "Task.c"
 Parameters:    Size  Location     Type
		None
 Auto vars:     Size  Location     Type
		None
 Return value:  Size  Location     Type
                  1    wreg      void 
 Registers used:
		None
 Tracked objects:
		On entry : 
		On exit  : 
		Unchanged: 
 Data sizes:     COMMON   BANK0   BANK1   BANK2
      Params:         0       0       0       0
      Locals:         0       0       0       0
      Temps:          0       0       0       0
      Totals:         0       0       0       0
Total ram usage:        0 bytes
 Hardware stack levels used:    1
 Hardware stack levels required when called:    2
 This function calls:
		Nothing
 This function is called by:
		_Task_Process
 This function uses a non-reentrant model


 *************** function _Timer0_Task *****************
 Defined at:
		line 20 in file "Timer.c"
 Parameters:    Size  Location     Type
		None
 Auto vars:     Size  Location     Type
		None
 Return value:  Size  Location     Type
                  1    wreg      void 
 Registers used:
		wreg, status,2, status,0
 Tracked objects:
		On entry : 
		On exit  : 
		Unchanged: 
 Data sizes:     COMMON   BANK0   BANK1   BANK2
      Params:         0       0       0       0
      Locals:         0       0       0       0
      Temps:          0       0       0       0
      Totals:         0       0       0       0
Total ram usage:        0 bytes
 Hardware stack levels used:    1
 Hardware stack levels required when called:    2
 This function calls:
		Nothing
 This function is called by:
		_Task_1
 This function uses a non-reentrant model


 *************** function _BUZZTT_Task *****************
 Defined at:
		line 155 in file "BUZZTT.c"
 Parameters:    Size  Location     Type
		None
 Auto vars:     Size  Location     Type
		None
 Return value:  Size  Location     Type
                  1    wreg      void 
 Registers used:
		wreg, status,2, status,0, pclath, cstack
 Tracked objects:
		On entry : 
		On exit  : 
		Unchanged: 
 Data sizes:     COMMON   BANK0   BANK1   BANK2
      Params:         0       0       0       0
      Locals:         0       0       0       0
      Temps:          0       0       0       0
      Totals:         0       0       0       0
Total ram usage:        0 bytes
 Hardware stack levels used:    1
 Hardware stack levels required when called:    5
 This function calls:
		_BUZZHH_Control
 This function is called by:
		_Task_1
 This function uses a non-reentrant model


 *************** function _BUZZHH_Control *****************
 Defined at:
		line 60 in file "BUZZTT.c"
 Parameters:    Size  Location     Type
		None
 Auto vars:     Size  Location     Type
		None
 Return value:  Size  Location     Type
                  1    wreg      void 
 Registers used:
		wreg, status,2, status,0, pclath, cstack
 Tracked objects:
		On entry : 
		On exit  : 
		Unchanged: 
 Data sizes:     COMMON   BANK0   BANK1   BANK2
      Params:         0       0       0       0
      Locals:         0       0       0       0
      Temps:          0       0       0       0
      Totals:         0       0       0       0
Total ram usage:        0 bytes
 Hardware stack levels used:    1
 Hardware stack levels required when called:    4
 This function calls:
		_Hummer_Task
		_Key_Task
 This function is called by:
		_BUZZTT_Task
 This function uses a non-reentrant model


 *************** function _Key_Task *****************
 Defined at:
		line 131 in file "BUZZTT.c"
 Parameters:    Size  Location     Type
		None
 Auto vars:     Size  Location     Type
		None
 Return value:  Size  Location     Type
                  1    wreg      void 
 Registers used:
		wreg, status,2, status,0, pclath, cstack
 Tracked objects:
		On entry : 
		On exit  : 
		Unchanged: 
 Data sizes:     COMMON   BANK0   BANK1   BANK2
      Params:         0       0       0       0
      Locals:         0       0       0       0
      Temps:          0       0       0       0
      Totals:         0       0       0       0
Total ram usage:        0 bytes
 Hardware stack levels used:    1
 Hardware stack levels required when called:    3
 This function calls:
		_KEY_Init
		_Key_Detect
 This function is called by:
		_BUZZHH_Control
 This function uses a non-reentrant model


 *************** function _Key_Detect *****************
 Defined at:
		line 79 in file "BUZZTT.c"
 Parameters:    Size  Location     Type
		None
 Auto vars:     Size  Location     Type
		None
 Return value:  Size  Location     Type
                  1    wreg      void 
 Registers used:
		wreg, status,2, status,0
 Tracked objects:
		On entry : 
		On exit  : 
		Unchanged: 
 Data sizes:     COMMON   BANK0   BANK1   BANK2
      Params:         0       0       0       0
      Locals:         0       0       0       0
      Temps:          0       0       0       0
      Totals:         0       0       0       0
Total ram usage:        0 bytes
 Hardware stack levels used:    1
 Hardware stack levels required when called:    2
 This function calls:
		Nothing
 This function is called by:
		_Key_Task
 This function uses a non-reentrant model


 *************** function _KEY_Init *****************
 Defined at:
		line 34 in file "BUZZTT.c"
 Parameters:    Size  Location     Type
		None
 Auto vars:     Size  Location     Type
		None
 Return value:  Size  Location     Type
                  1    wreg      void 
 Registers used:
		status,2
 Tracked objects:
		On entry : 
		On exit  : 
		Unchanged: 
 Data sizes:     COMMON   BANK0   BANK1   BANK2
      Params:         0       0       0       0
      Locals:         0       0       0       0
      Temps:          0       0       0       0
      Totals:         0       0       0       0
Total ram usage:        0 bytes
 Hardware stack levels used:    1
 Hardware stack levels required when called:    2
 This function calls:
		Nothing
 This function is called by:
		_Key_Task
 This function uses a non-reentrant model


 *************** function _Hummer_Task *****************
 Defined at:
		line 143 in file "BUZZTT.c"
 Parameters:    Size  Location     Type
		None
 Auto vars:     Size  Location     Type
		None
 Return value:  Size  Location     Type
                  1    wreg      void 
 Registers used:
		status,2, status,0, pclath, cstack
 Tracked objects:
		On entry : 
		On exit  : 
		Unchanged: 
 Data sizes:     COMMON   BANK0   BANK1   BANK2
      Params:         0       0       0       0
      Locals:         0       0       0       0
      Temps:          0       0       0       0
      Totals:         0       0       0       0
Total ram usage:        0 bytes
 Hardware stack levels used:    1
 Hardware stack levels required when called:    3
 This function calls:
		_Hummer_Init
 This function is called by:
		_BUZZHH_Control
 This function uses a non-reentrant model


 *************** function _Hummer_Init *****************
 Defined at:
		line 47 in file "BUZZTT.c"
 Parameters:    Size  Location     Type
		None
 Auto vars:     Size  Location     Type
		None
 Return value:  Size  Location     Type
                  1    wreg      void 
 Registers used:
		status,2
 Tracked objects:
		On entry : 
		On exit  : 
		Unchanged: 
 Data sizes:     COMMON   BANK0   BANK1   BANK2
      Params:         0       0       0       0
      Locals:         0       0       0       0
      Temps:          0       0       0       0
      Totals:         0       0       0       0
Total ram usage:        0 bytes
 Hardware stack levels used:    1
 Hardware stack levels required when called:    2
 This function calls:
		Nothing
 This function is called by:
		_Hummer_Task
 This function uses a non-reentrant model


 *************** function _READY_Task *****************
 Defined at:
		line 52 in file "READY.c"
 Parameters:    Size  Location     Type
		None
 Auto vars:     Size  Location     Type
		None
 Return value:  Size  Location     Type
                  1    wreg      void 
 Registers used:
		wreg, fsr0l, fsr0h, status,2, status,0, pclath, cstack
 Tracked objects:
		On entry : 
		On exit  : 
		Unchanged: 
 Data sizes:     COMMON   BANK0   BANK1   BANK2
      Params:         0       0       0       0
      Locals:         0       0       0       0
      Temps:          0       0       0       0
      Totals:         0       0       0       0
Total ram usage:        0 bytes
 Hardware stack levels used:    1
 Hardware stack levels required when called:    4
 This function calls:
		_GET_ADC_DATA
		_Get_Vbattery_Stand_State
		_Ready_Control
 This function is called by:
		_Task_0
 This function uses a non-reentrant model


 *************** function _Ready_Control *****************
 Defined at:
		line 38 in file "READY.c"
 Parameters:    Size  Location     Type
  num             1    wreg     unsigned char 
 Auto vars:     Size  Location     Type
  num             1    0[BANK0 ] unsigned char 
 Return value:  Size  Location     Type
                  1    wreg      void 
 Registers used:
		wreg, status,2, status,0
 Tracked objects:
		On entry : 
		On exit  : 
		Unchanged: 
 Data sizes:     COMMON   BANK0   BANK1   BANK2
      Params:         0       0       0       0
      Locals:         0       1       0       0
      Temps:          0       0       0       0
      Totals:         0       1       0       0
Total ram usage:        1 bytes
 Hardware stack levels used:    1
 Hardware stack levels required when called:    2
 This function calls:
		Nothing
 This function is called by:
		_READY_Task
 This function uses a non-reentrant model


 *************** function _LB_ST_Task *****************
 Defined at:
		line 111 in file "LB.C"
 Parameters:    Size  Location     Type
		None
 Auto vars:     Size  Location     Type
		None
 Return value:  Size  Location     Type
                  1    wreg      void 
 Registers used:
		wreg, status,2, status,0, pclath, cstack
 Tracked objects:
		On entry : 
		On exit  : 
		Unchanged: 
 Data sizes:     COMMON   BANK0   BANK1   BANK2
      Params:         0       0       0       0
      Locals:         0       0       0       0
      Temps:          0       0       0       0
      Totals:         0       0       0       0
Total ram usage:        0 bytes
 Hardware stack levels used:    1
 Hardware stack levels required when called:    3
 This function calls:
		_LB_Control
		_LB_STANDBY_Close_Control
		_STNADBY_Control
		_Work_State_Change
 This function is called by:
		_Task_0
 This function uses a non-reentrant model


 *************** function _Work_State_Change *****************
 Defined at:
		line 70 in file "LB.C"
 Parameters:    Size  Location     Type
		None
 Auto vars:     Size  Location     Type
		None
 Return value:  Size  Location     Type
                  1    wreg      void 
 Registers used:
		wreg, status,2, status,0
 Tracked objects:
		On entry : 
		On exit  : 
		Unchanged: 
 Data sizes:     COMMON   BANK0   BANK1   BANK2
      Params:         0       0       0       0
      Locals:         0       0       0       0
      Temps:          0       0       0       0
      Totals:         0       0       0       0
Total ram usage:        0 bytes
 Hardware stack levels used:    1
 Hardware stack levels required when called:    2
 This function calls:
		Nothing
 This function is called by:
		_LB_ST_Task
 This function uses a non-reentrant model


 *************** function _STNADBY_Control *****************
 Defined at:
		line 27 in file "LB.C"
 Parameters:    Size  Location     Type
		None
 Auto vars:     Size  Location     Type
		None
 Return value:  Size  Location     Type
                  1    wreg      void 
 Registers used:
		wreg, status,2, status,0
 Tracked objects:
		On entry : 
		On exit  : 
		Unchanged: 
 Data sizes:     COMMON   BANK0   BANK1   BANK2
      Params:         0       0       0       0
      Locals:         0       0       0       0
      Temps:          0       0       0       0
      Totals:         0       0       0       0
Total ram usage:        0 bytes
 Hardware stack levels used:    1
 Hardware stack levels required when called:    2
 This function calls:
		Nothing
 This function is called by:
		_LB_ST_Task
 This function uses a non-reentrant model


 *************** function _LB_STANDBY_Close_Control *****************
 Defined at:
		line 55 in file "LB.C"
 Parameters:    Size  Location     Type
		None
 Auto vars:     Size  Location     Type
		None
 Return value:  Size  Location     Type
                  1    wreg      void 
 Registers used:
		wreg, status,2, status,0
 Tracked objects:
		On entry : 
		On exit  : 
		Unchanged: 
 Data sizes:     COMMON   BANK0   BANK1   BANK2
      Params:         0       0       0       0
      Locals:         0       0       0       0
      Temps:          0       0       0       0
      Totals:         0       0       0       0
Total ram usage:        0 bytes
 Hardware stack levels used:    1
 Hardware stack levels required when called:    2
 This function calls:
		Nothing
 This function is called by:
		_LB_ST_Task
 This function uses a non-reentrant model


 *************** function _LB_Control *****************
 Defined at:
		line 41 in file "LB.C"
 Parameters:    Size  Location     Type
		None
 Auto vars:     Size  Location     Type
		None
 Return value:  Size  Location     Type
                  1    wreg      void 
 Registers used:
		wreg, status,2, status,0
 Tracked objects:
		On entry : 
		On exit  : 
		Unchanged: 
 Data sizes:     COMMON   BANK0   BANK1   BANK2
      Params:         0       0       0       0
      Locals:         0       0       0       0
      Temps:          0       0       0       0
      Totals:         0       0       0       0
Total ram usage:        0 bytes
 Hardware stack levels used:    1
 Hardware stack levels required when called:    2
 This function calls:
		Nothing
 This function is called by:
		_LB_ST_Task
 This function uses a non-reentrant model


 *************** function _Int_Task *****************
 Defined at:
		line 41 in file "INT.c"
 Parameters:    Size  Location     Type
		None
 Auto vars:     Size  Location     Type
		None
 Return value:  Size  Location     Type
                  1    wreg      void 
 Registers used:
		wreg, status,2, status,0, pclath, cstack
 Tracked objects:
		On entry : 
		On exit  : 
		Unchanged: 
 Data sizes:     COMMON   BANK0   BANK1   BANK2
      Params:         0       0       0       0
      Locals:         0       0       0       0
      Temps:          0       0       0       0
      Totals:         0       0       0       0
Total ram usage:        0 bytes
 Hardware stack levels used:    1
 Hardware stack levels required when called:    3
 This function calls:
		_Read_Int
 This function is called by:
		_Task_0
 This function uses a non-reentrant model


 *************** function _Read_Int *****************
 Defined at:
		line 31 in file "INT.c"
 Parameters:    Size  Location     Type
		None
 Auto vars:     Size  Location     Type
		None
 Return value:  Size  Location     Type
                  1    wreg      void 
 Registers used:
		wreg, status,2, status,0
 Tracked objects:
		On entry : 
		On exit  : 
		Unchanged: 
 Data sizes:     COMMON   BANK0   BANK1   BANK2
      Params:         0       0       0       0
      Locals:         0       0       0       0
      Temps:          0       0       0       0
      Totals:         0       0       0       0
Total ram usage:        0 bytes
 Hardware stack levels used:    1
 Hardware stack levels required when called:    2
 This function calls:
		Nothing
 This function is called by:
		_Int_Task
 This function uses a non-reentrant model


 *************** function _ADC_Task *****************
 Defined at:
		line 233 in file "ADC.c"
 Parameters:    Size  Location     Type
		None
 Auto vars:     Size  Location     Type
		None
 Return value:  Size  Location     Type
                  1    wreg      void 
 Registers used:
		wreg, fsr0l, fsr0h, status,2, status,0, pclath, cstack
 Tracked objects:
		On entry : 
		On exit  : 
		Unchanged: 
 Data sizes:     COMMON   BANK0   BANK1   BANK2
      Params:         0       0       0       0
      Locals:         0       0       0       0
      Temps:          0       0       0       0
      Totals:         0       0       0       0
Total ram usage:        0 bytes
 Hardware stack levels used:    1
 Hardware stack levels required when called:    5
 This function calls:
		_Get_Cbattery_Data
		_Get_Vbattery_Data
		_Get_Vbattery_Stand_State
		_Relay_Release_Detect
 This function is called by:
		_Task_0
 This function uses a non-reentrant model


 *************** function _Relay_Release_Detect *****************
 Defined at:
		line 210 in file "ADC.c"
 Parameters:    Size  Location     Type
		None
 Auto vars:     Size  Location     Type
		None
 Return value:  Size  Location     Type
                  1    wreg      void 
 Registers used:
		wreg, status,2
 Tracked objects:
		On entry : 
		On exit  : 
		Unchanged: 
 Data sizes:     COMMON   BANK0   BANK1   BANK2
      Params:         0       0       0       0
      Locals:         0       0       0       0
      Temps:          0       0       0       0
      Totals:         0       0       0       0
Total ram usage:        0 bytes
 Hardware stack levels used:    1
 Hardware stack levels required when called:    2
 This function calls:
		Nothing
 This function is called by:
		_ADC_Task
 This function uses a non-reentrant model


 *************** function _Get_Vbattery_Stand_State *****************
 Defined at:
		line 136 in file "ADC.c"
 Parameters:    Size  Location     Type
  adc_value       2    0[BANK0 ] unsigned int 
 Auto vars:     Size  Location     Type
		None
 Return value:  Size  Location     Type
                  1    wreg      enum E1873
 Registers used:
		wreg, fsr0l, fsr0h, status,2, status,0
 Tracked objects:
		On entry : 
		On exit  : 
		Unchanged: 
 Data sizes:     COMMON   BANK0   BANK1   BANK2
      Params:         0       2       0       0
      Locals:         0       0       0       0
      Temps:          0       0       0       0
      Totals:         0       2       0       0
Total ram usage:        2 bytes
 Hardware stack levels used:    1
 Hardware stack levels required when called:    2
 This function calls:
		Nothing
 This function is called by:
		_READY_Task
		_ADC_Task
 This function uses a non-reentrant model


 *************** function _Get_Vbattery_Data *****************
 Defined at:
		line 114 in file "ADC.c"
 Parameters:    Size  Location     Type
		None
 Auto vars:     Size  Location     Type
		None
 Return value:  Size  Location     Type
                  1    wreg      void 
 Registers used:
		wreg, status,2, status,0, pclath, cstack
 Tracked objects:
		On entry : 
		On exit  : 
		Unchanged: 
 Data sizes:     COMMON   BANK0   BANK1   BANK2
      Params:         0       0       0       0
      Locals:         0       0       0       0
      Temps:          0       0       0       0
      Totals:         0       0       0       0
Total ram usage:        0 bytes
 Hardware stack levels used:    1
 Hardware stack levels required when called:    4
 This function calls:
		_GET_ADC_DATA
 This function is called by:
		_ADC_Task
 This function uses a non-reentrant model


 *************** function _Get_Cbattery_Data *****************
 Defined at:
		line 124 in file "ADC.c"
 Parameters:    Size  Location     Type
		None
 Auto vars:     Size  Location     Type
		None
 Return value:  Size  Location     Type
                  1    wreg      void 
 Registers used:
		wreg, status,2, status,0, pclath, cstack
 Tracked objects:
		On entry : 
		On exit  : 
		Unchanged: 
 Data sizes:     COMMON   BANK0   BANK1   BANK2
      Params:         0       0       0       0
      Locals:         0       0       0       0
      Temps:          0       0       0       0
      Totals:         0       0       0       0
Total ram usage:        0 bytes
 Hardware stack levels used:    1
 Hardware stack levels required when called:    4
 This function calls:
		_GET_ADC_DATA
 This function is called by:
		_ADC_Task
 This function uses a non-reentrant model


 *************** function _GET_ADC_DATA *****************
 Defined at:
		line 86 in file "ADC.c"
 Parameters:    Size  Location     Type
  adcChannel      1    wreg     unsigned char 
 Auto vars:     Size  Location     Type
  adcChannel      1    5[BANK0 ] unsigned char 
  ADCON0Buff      1    6[BANK0 ] unsigned char 
 Return value:  Size  Location     Type
                  2    2[BANK0 ] unsigned int 
 Registers used:
		wreg, status,2, status,0, pclath, cstack
 Tracked objects:
		On entry : 
		On exit  : 
		Unchanged: 
 Data sizes:     COMMON   BANK0   BANK1   BANK2
      Params:         0       3       0       0
      Locals:         0       2       0       0
      Temps:          0       0       0       0
      Totals:         0       5       0       0
Total ram usage:        5 bytes
 Hardware stack levels used:    1
 Hardware stack levels required when called:    3
 This function calls:
		_DelayUs
 This function is called by:
		_READY_Task
		_Get_Vbattery_Data
		_Get_Cbattery_Data
 This function uses a non-reentrant model


 *************** function _Initial *****************
 Defined at:
		line 11 in file "App.c"
 Parameters:    Size  Location     Type
		None
 Auto vars:     Size  Location     Type
		None
 Return value:  Size  Location     Type
                  1    wreg      void 
 Registers used:
		wreg, status,2, status,0, pclath, cstack
 Tracked objects:
		On entry : 
		On exit  : 
		Unchanged: 
 Data sizes:     COMMON   BANK0   BANK1   BANK2
      Params:         0       0       0       0
      Locals:         0       0       0       0
      Temps:          0       0       0       0
      Totals:         0       0       0       0
Total ram usage:        0 bytes
 Hardware stack levels used:    1
 Hardware stack levels required when called:    5
 This function calls:
		_ADC_INITIAL
		_BUZZTT_Init
		_DelayMs
		_Int_Initial
		_POWER_INITIAL
		_Ready_Init
		_SYS_Initial
		_Timer0_Init
 This function is called by:
		_main
 This function uses a non-reentrant model


 *************** function _Timer0_Init *****************
 Defined at:
		line 9 in file "Timer.c"
 Parameters:    Size  Location     Type
		None
 Auto vars:     Size  Location     Type
		None
 Return value:  Size  Location     Type
                  1    wreg      void 
 Registers used:
		wreg
 Tracked objects:
		On entry : 
		On exit  : 
		Unchanged: 
 Data sizes:     COMMON   BANK0   BANK1   BANK2
      Params:         0       0       0       0
      Locals:         0       0       0       0
      Temps:          0       0       0       0
      Totals:         0       0       0       0
Total ram usage:        0 bytes
 Hardware stack levels used:    1
 Hardware stack levels required when called:    2
 This function calls:
		Nothing
 This function is called by:
		_Initial
 This function uses a non-reentrant model


 *************** function _SYS_Initial *****************
 Defined at:
		line 42 in file "Power.c"
 Parameters:    Size  Location     Type
		None
 Auto vars:     Size  Location     Type
		None
 Return value:  Size  Location     Type
                  1    wreg      void 
 Registers used:
		status,2
 Tracked objects:
		On entry : 
		On exit  : 
		Unchanged: 
 Data sizes:     COMMON   BANK0   BANK1   BANK2
      Params:         0       0       0       0
      Locals:         0       0       0       0
      Temps:          0       0       0       0
      Totals:         0       0       0       0
Total ram usage:        0 bytes
 Hardware stack levels used:    1
 Hardware stack levels required when called:    2
 This function calls:
		Nothing
 This function is called by:
		_Initial
 This function uses a non-reentrant model


 *************** function _Ready_Init *****************
 Defined at:
		line 17 in file "READY.c"
 Parameters:    Size  Location     Type
		None
 Auto vars:     Size  Location     Type
		None
 Return value:  Size  Location     Type
                  1    wreg      void 
 Registers used:
		status,2
 Tracked objects:
		On entry : 
		On exit  : 
		Unchanged: 
 Data sizes:     COMMON   BANK0   BANK1   BANK2
      Params:         0       0       0       0
      Locals:         0       0       0       0
      Temps:          0       0       0       0
      Totals:         0       0       0       0
Total ram usage:        0 bytes
 Hardware stack levels used:    1
 Hardware stack levels required when called:    2
 This function calls:
		Nothing
 This function is called by:
		_Initial
 This function uses a non-reentrant model


 *************** function _POWER_INITIAL *****************
 Defined at:
		line 9 in file "Power.c"
 Parameters:    Size  Location     Type
		None
 Auto vars:     Size  Location     Type
		None
 Return value:  Size  Location     Type
                  1    wreg      void 
 Registers used:
		wreg, status,2
 Tracked objects:
		On entry : 
		On exit  : 
		Unchanged: 
 Data sizes:     COMMON   BANK0   BANK1   BANK2
      Params:         0       0       0       0
      Locals:         0       0       0       0
      Temps:          0       0       0       0
      Totals:         0       0       0       0
Total ram usage:        0 bytes
 Hardware stack levels used:    1
 Hardware stack levels required when called:    2
 This function calls:
		Nothing
 This function is called by:
		_Initial
 This function uses a non-reentrant model


 *************** function _Int_Initial *****************
 Defined at:
		line 16 in file "INT.c"
 Parameters:    Size  Location     Type
		None
 Auto vars:     Size  Location     Type
		None
 Return value:  Size  Location     Type
                  1    wreg      void 
 Registers used:
		wreg, status,2, status,0
 Tracked objects:
		On entry : 
		On exit  : 
		Unchanged: 
 Data sizes:     COMMON   BANK0   BANK1   BANK2
      Params:         0       0       0       0
      Locals:         0       0       0       0
      Temps:          0       0       0       0
      Totals:         0       0       0       0
Total ram usage:        0 bytes
 Hardware stack levels used:    1
 Hardware stack levels required when called:    2
 This function calls:
		Nothing
 This function is called by:
		_Initial
 This function uses a non-reentrant model


 *************** function _BUZZTT_Init *****************
 Defined at:
		line 21 in file "BUZZTT.c"
 Parameters:    Size  Location     Type
		None
 Auto vars:     Size  Location     Type
		None
 Return value:  Size  Location     Type
                  1    wreg      void 
 Registers used:
		status,2
 Tracked objects:
		On entry : 
		On exit  : 
		Unchanged: 
 Data sizes:     COMMON   BANK0   BANK1   BANK2
      Params:         0       0       0       0
      Locals:         0       0       0       0
      Temps:          0       0       0       0
      Totals:         0       0       0       0
Total ram usage:        0 bytes
 Hardware stack levels used:    1
 Hardware stack levels required when called:    2
 This function calls:
		Nothing
 This function is called by:
		_Initial
 This function uses a non-reentrant model


 *************** function _ADC_INITIAL *****************
 Defined at:
		line 53 in file "ADC.c"
 Parameters:    Size  Location     Type
		None
 Auto vars:     Size  Location     Type
		None
 Return value:  Size  Location     Type
                  1    wreg      void 
 Registers used:
		wreg, status,2, status,0, pclath, cstack
 Tracked objects:
		On entry : 
		On exit  : 
		Unchanged: 
 Data sizes:     COMMON   BANK0   BANK1   BANK2
      Params:         0       0       0       0
      Locals:         0       0       0       0
      Temps:          0       0       0       0
      Totals:         0       0       0       0
Total ram usage:        0 bytes
 Hardware stack levels used:    1
 Hardware stack levels required when called:    4
 This function calls:
		_DelayMs
		_DelayUs
 This function is called by:
		_Initial
 This function uses a non-reentrant model


 *************** function _DelayMs *****************
 Defined at:
		line 22 in file "Delay.c"
 Parameters:    Size  Location     Type
  Time            1    wreg     unsigned char 
 Auto vars:     Size  Location     Type
  Time            1    2[BANK0 ] unsigned char 
  b               1    4[BANK0 ] unsigned char 
  a               1    3[BANK0 ] unsigned char 
 Return value:  Size  Location     Type
                  1    wreg      void 
 Registers used:
		wreg, status,2, status,0, pclath, cstack
 Tracked objects:
		On entry : 
		On exit  : 
		Unchanged: 
 Data sizes:     COMMON   BANK0   BANK1   BANK2
      Params:         0       0       0       0
      Locals:         0       3       0       0
      Temps:          0       0       0       0
      Totals:         0       3       0       0
Total ram usage:        3 bytes
 Hardware stack levels used:    1
 Hardware stack levels required when called:    3
 This function calls:
		_DelayUs
 This function is called by:
		_ADC_INITIAL
		_Initial
 This function uses a non-reentrant model


 *************** function _DelayUs *****************
 Defined at:
		line 8 in file "Delay.c"
 Parameters:    Size  Location     Type
  Time            1    wreg     unsigned char 
 Auto vars:     Size  Location     Type
  Time            1    0[BANK0 ] unsigned char 
  a               1    1[BANK0 ] unsigned char 
 Return value:  Size  Location     Type
                  1    wreg      void 
 Registers used:
		wreg, status,2, status,0
 Tracked objects:
		On entry : 
		On exit  : 
		Unchanged: 
 Data sizes:     COMMON   BANK0   BANK1   BANK2
      Params:         0       0       0       0
      Locals:         0       2       0       0
      Temps:          0       0       0       0
      Totals:         0       2       0       0
Total ram usage:        2 bytes
 Hardware stack levels used:    1
 Hardware stack levels required when called:    2
 This function calls:
		Nothing
 This function is called by:
		_ADC_INITIAL
		_GET_ADC_DATA
		_DelayMs
 This function uses a non-reentrant model


 *************** function _ISR *****************
 Defined at:
		line 24 in file "Main.c"
 Parameters:    Size  Location     Type
		None
 Auto vars:     Size  Location     Type
  i               1    8[COMMON] unsigned char 
 Return value:  Size  Location     Type
                  1    wreg      void 
 Registers used:
		wreg, fsr0l, fsr0h, status,2, status,0, pclath, cstack
 Tracked objects:
		On entry : 
		On exit  : 
		Unchanged: 
 Data sizes:     COMMON   BANK0   BANK1   BANK2
      Params:         0       0       0       0
      Locals:         1       0       0       0
      Temps:          5       0       0       0
      Totals:         6       0       0       0
Total ram usage:        6 bytes
 Hardware stack levels used:    1
 Hardware stack levels required when called:    1
 This function calls:
		i1___bmul
 This function is called by:
		Interrupt level 1
 This function uses a non-reentrant model


 *************** function i1___bmul *****************
 Defined at:
		line 4 in file "C:\Program Files (x86)\CCompiler\Compiler\data\sources\common\Umul8.c"
 Parameters:    Size  Location     Type
  multiplier      1    wreg     unsigned char 
  multiplicand    1    0[COMMON] unsigned char 
 Auto vars:     Size  Location     Type
  multiplier      1    1[COMMON] unsigned char 
  __bmul          1    2[COMMON] unsigned char 
 Return value:  Size  Location     Type
                  1    wreg      unsigned char 
 Registers used:
		wreg, status,2, status,0
 Tracked objects:
		On entry : 
		On exit  : 
		Unchanged: 
 Data sizes:     COMMON   BANK0   BANK1   BANK2
      Params:         1       0       0       0
      Locals:         2       0       0       0
      Temps:          0       0       0       0
      Totals:         3       0       0       0
Total ram usage:        3 bytes
 Hardware stack levels used:    1
 This function calls:
		Nothing
 This function is called by:
		_ISR
 This function uses a non-reentrant model



MODULE INFORMATION

Module		Function		Class		Link	Load	Size
BUZZTT.c
		_BUZZHH_Control		CODE           	02AA	0000	11
		_Key_Task      		CODE           	02BD	0000	4
		_Hummer_Task   		CODE           	02B4	0000	5
		_Hummer_Init   		CODE           	02B8	0000	6
		_Key_Detect    		CODE           	02C5	0000	53
		_BUZZTT_Task   		CODE           	02A9	0000	2
		_BUZZTT_Init   		CODE           	01D4	0000	8
		_KEY_Init      		CODE           	02C0	0000	6

BUZZTT.c estimated size: 95

Timer.c
		_Timer0_Task   		CODE           	02F9	0000	22
		_Timer0_Init   		CODE           	01CC	0000	9

Timer.c estimated size: 31

Delay.c
		_DelayUs       		CODE           	0179	0000	13
		_DelayMs       		CODE           	005F	0000	19

Delay.c estimated size: 32

C:\Program Files (x86)\CCompiler\Compiler\data\sources\common\Umul8.c
		___bmul        		CODE           	0333	0000	15

C:\Program Files (x86)\CCompiler\Compiler\data\sources\common\Umul8.c estimated size: 15

READY.c
		_Ready_Init    		CODE           	01B0	0000	13
		_Ready_Control 		CODE           	0148	0000	12
		_READY_Task    		CODE           	00F3	0000	86

READY.c estimated size: 111

Main.c
		_ISR           		CODE           	022D	0000	108
		_main          		CODE           	0349	0000	8

Main.c estimated size: 116

shared
		__initialization		CODE           	000F	0000	45
		__fptable      		ENTRY          	003E	0000	15
		i1___bmul      		CODE           	0298	0000	15
		PL2            		CODE           	0229	0000	5

shared estimated size: 80

ADC.c
		_Get_Vbattery_Stand_State		CODE           	00B5	0000	52
		_ADC_Task      		CODE           	008F	0000	25
		_Get_Cbattery_Data		CODE           	00A7	0000	8
		_Get_Vbattery_Data		CODE           	00AE	0000	8
		_Relay_Release_Detect		CODE           	00E8	0000	12
		_GET_ADC_DATA  		CODE           	0153	0000	39
		_ADC_INITIAL   		CODE           	0071	0000	24

ADC.c estimated size: 168

LB.C
		_LB_STANDBY_Close_Control		CODE           	01FA	0000	7
		_Work_State_Change		CODE           	0200	0000	42
		_LB_ST_Task    		CODE           	01E3	0000	8
		_LB_Control    		CODE           	01EA	0000	9
		_STNADBY_Control		CODE           	01F2	0000	9

LB.C estimated size: 75

INT.c
		_Read_Int      		CODE           	01DB	0000	9
		_Int_Initial   		CODE           	0186	0000	6
		_Int_Task      		CODE           	0185	0000	2

INT.c estimated size: 17

App.c
		_Initial       		CODE           	004C	0000	20

App.c estimated size: 20

Power.c
		_SYS_Initial   		CODE           	01BC	0000	17
		_POWER_INITIAL 		CODE           	018B	0000	38

Power.c estimated size: 55

Task.c
		_Task_0        		CODE           	0088	0000	8
		_Task_3        		CODE           	0351	0000	2
		_Task_1        		CODE           	02A6	0000	4
		_Task_Process  		CODE           	030E	0000	38
		_Task_2        		CODE           	0350	0000	2

Task.c estimated size: 54

